Component: ARM Compiler 5.06 update 5 (build 528) Tool: armlink [4d35e2]

==============================================================================

Section Cross References

    startup_stm32f40xx.o(RESET) refers to startup_stm32f40xx.o(STACK) for __initial_sp
    startup_stm32f40xx.o(RESET) refers to startup_stm32f40xx.o(.text) for Reset_Handler
    startup_stm32f40xx.o(RESET) refers to stm32f4xx_it.o(i.NMI_Handler) for NMI_Handler
    startup_stm32f40xx.o(RESET) refers to stm32f4xx_it.o(i.HardFault_Handler) for HardFault_Handler
    startup_stm32f40xx.o(RESET) refers to stm32f4xx_it.o(i.MemManage_Handler) for MemManage_Handler
    startup_stm32f40xx.o(RESET) refers to stm32f4xx_it.o(i.BusFault_Handler) for BusFault_Handler
    startup_stm32f40xx.o(RESET) refers to stm32f4xx_it.o(i.UsageFault_Handler) for UsageFault_Handler
    startup_stm32f40xx.o(RESET) refers to stm32f4xx_it.o(i.SVC_Handler) for SVC_Handler
    startup_stm32f40xx.o(RESET) refers to stm32f4xx_it.o(i.DebugMon_Handler) for DebugMon_Handler
    startup_stm32f40xx.o(RESET) refers to context_rvds.o(.text) for PendSV_Handler
    startup_stm32f40xx.o(RESET) refers to main.o(i.SysTick_Handler) for SysTick_Handler
    startup_stm32f40xx.o(RESET) refers to bsp_debug_usart.o(i.USART1_IRQHandler) for USART1_IRQHandler
    startup_stm32f40xx.o(.text) refers to system_stm32f4xx.o(i.SystemInit) for SystemInit
    startup_stm32f40xx.o(.text) refers to entry.o(.ARM.Collect$$$$00000000) for __main
    system_stm32f4xx.o(i.SystemCoreClockUpdate) refers to system_stm32f4xx.o(.data) for .data
    system_stm32f4xx.o(i.SystemInit) refers to system_stm32f4xx.o(i.SetSysClock) for SetSysClock
    stm32f4xx_adc.o(i.ADC_DeInit) refers to stm32f4xx_rcc.o(i.RCC_APB2PeriphResetCmd) for RCC_APB2PeriphResetCmd
    stm32f4xx_can.o(i.CAN_DeInit) refers to stm32f4xx_rcc.o(i.RCC_APB1PeriphResetCmd) for RCC_APB1PeriphResetCmd
    stm32f4xx_can.o(i.CAN_GetITStatus) refers to stm32f4xx_can.o(i.CheckITStatus) for CheckITStatus
    stm32f4xx_cryp.o(i.CRYP_DeInit) refers to stm32f4xx_rcc.o(i.RCC_AHB2PeriphResetCmd) for RCC_AHB2PeriphResetCmd
    stm32f4xx_cryp_aes.o(i.CRYP_AES_CBC) refers to stm32f4xx_cryp.o(i.CRYP_KeyStructInit) for CRYP_KeyStructInit
    stm32f4xx_cryp_aes.o(i.CRYP_AES_CBC) refers to stm32f4xx_cryp.o(i.CRYP_KeyInit) for CRYP_KeyInit
    stm32f4xx_cryp_aes.o(i.CRYP_AES_CBC) refers to stm32f4xx_cryp.o(i.CRYP_Init) for CRYP_Init
    stm32f4xx_cryp_aes.o(i.CRYP_AES_CBC) refers to stm32f4xx_cryp.o(i.CRYP_IVInit) for CRYP_IVInit
    stm32f4xx_cryp_aes.o(i.CRYP_AES_CBC) refers to stm32f4xx_cryp.o(i.CRYP_FIFOFlush) for CRYP_FIFOFlush
    stm32f4xx_cryp_aes.o(i.CRYP_AES_CBC) refers to stm32f4xx_cryp.o(i.CRYP_Cmd) for CRYP_Cmd
    stm32f4xx_cryp_aes.o(i.CRYP_AES_CBC) refers to stm32f4xx_cryp.o(i.CRYP_GetCmdStatus) for CRYP_GetCmdStatus
    stm32f4xx_cryp_aes.o(i.CRYP_AES_CBC) refers to stm32f4xx_cryp.o(i.CRYP_GetFlagStatus) for CRYP_GetFlagStatus
    stm32f4xx_cryp_aes.o(i.CRYP_AES_CBC) refers to stm32f4xx_cryp.o(i.CRYP_DataIn) for CRYP_DataIn
    stm32f4xx_cryp_aes.o(i.CRYP_AES_CBC) refers to stm32f4xx_cryp.o(i.CRYP_DataOut) for CRYP_DataOut
    stm32f4xx_cryp_aes.o(i.CRYP_AES_CCM) refers to stm32f4xx_cryp.o(i.CRYP_KeyStructInit) for CRYP_KeyStructInit
    stm32f4xx_cryp_aes.o(i.CRYP_AES_CCM) refers to stm32f4xx_cryp.o(i.CRYP_FIFOFlush) for CRYP_FIFOFlush
    stm32f4xx_cryp_aes.o(i.CRYP_AES_CCM) refers to stm32f4xx_cryp.o(i.CRYP_KeyInit) for CRYP_KeyInit
    stm32f4xx_cryp_aes.o(i.CRYP_AES_CCM) refers to stm32f4xx_cryp.o(i.CRYP_IVInit) for CRYP_IVInit
    stm32f4xx_cryp_aes.o(i.CRYP_AES_CCM) refers to stm32f4xx_cryp.o(i.CRYP_Init) for CRYP_Init
    stm32f4xx_cryp_aes.o(i.CRYP_AES_CCM) refers to stm32f4xx_cryp.o(i.CRYP_PhaseConfig) for CRYP_PhaseConfig
    stm32f4xx_cryp_aes.o(i.CRYP_AES_CCM) refers to stm32f4xx_cryp.o(i.CRYP_DataIn) for CRYP_DataIn
    stm32f4xx_cryp_aes.o(i.CRYP_AES_CCM) refers to stm32f4xx_cryp.o(i.CRYP_Cmd) for CRYP_Cmd
    stm32f4xx_cryp_aes.o(i.CRYP_AES_CCM) refers to stm32f4xx_cryp.o(i.CRYP_GetCmdStatus) for CRYP_GetCmdStatus
    stm32f4xx_cryp_aes.o(i.CRYP_AES_CCM) refers to stm32f4xx_cryp.o(i.CRYP_GetFlagStatus) for CRYP_GetFlagStatus
    stm32f4xx_cryp_aes.o(i.CRYP_AES_CCM) refers to stm32f4xx_cryp.o(i.CRYP_DataOut) for CRYP_DataOut
    stm32f4xx_cryp_aes.o(i.CRYP_AES_CTR) refers to stm32f4xx_cryp.o(i.CRYP_KeyStructInit) for CRYP_KeyStructInit
    stm32f4xx_cryp_aes.o(i.CRYP_AES_CTR) refers to stm32f4xx_cryp.o(i.CRYP_KeyInit) for CRYP_KeyInit
    stm32f4xx_cryp_aes.o(i.CRYP_AES_CTR) refers to stm32f4xx_cryp.o(i.CRYP_Init) for CRYP_Init
    stm32f4xx_cryp_aes.o(i.CRYP_AES_CTR) refers to stm32f4xx_cryp.o(i.CRYP_IVInit) for CRYP_IVInit
    stm32f4xx_cryp_aes.o(i.CRYP_AES_CTR) refers to stm32f4xx_cryp.o(i.CRYP_FIFOFlush) for CRYP_FIFOFlush
    stm32f4xx_cryp_aes.o(i.CRYP_AES_CTR) refers to stm32f4xx_cryp.o(i.CRYP_Cmd) for CRYP_Cmd
    stm32f4xx_cryp_aes.o(i.CRYP_AES_CTR) refers to stm32f4xx_cryp.o(i.CRYP_GetCmdStatus) for CRYP_GetCmdStatus
[...]
    Removing stm32f4xx_tim.o(i.TIM_EncoderInterfaceConfig), (50 bytes).
    Removing stm32f4xx_tim.o(i.TIM_ForcedOC1Config), (12 bytes).
    Removing stm32f4xx_tim.o(i.TIM_ForcedOC2Config), (20 bytes).
    Removing stm32f4xx_tim.o(i.TIM_ForcedOC3Config), (12 bytes).
    Removing stm32f4xx_tim.o(i.TIM_ForcedOC4Config), (20 bytes).
    Removing stm32f4xx_tim.o(i.TIM_GenerateEvent), (4 bytes).
    Removing stm32f4xx_tim.o(i.TIM_GetCapture1), (4 bytes).
    Removing stm32f4xx_tim.o(i.TIM_GetCapture2), (4 bytes).
    Removing stm32f4xx_tim.o(i.TIM_GetCapture3), (4 bytes).
    Removing stm32f4xx_tim.o(i.TIM_GetCapture4), (4 bytes).
    Removing stm32f4xx_tim.o(i.TIM_GetCounter), (4 bytes).
    Removing stm32f4xx_tim.o(i.TIM_GetFlagStatus), (14 bytes).
    Removing stm32f4xx_tim.o(i.TIM_GetITStatus), (24 bytes).
    Removing stm32f4xx_tim.o(i.TIM_GetPrescaler), (4 bytes).
    Removing stm32f4xx_tim.o(i.TIM_ICInit), (98 bytes).
    Removing stm32f4xx_tim.o(i.TIM_ICStructInit), (16 bytes).
    Removing stm32f4xx_tim.o(i.TIM_ITConfig), (20 bytes).
    Removing stm32f4xx_tim.o(i.TIM_ITRxExternalClockConfig), (20 bytes).
    Removing stm32f4xx_tim.o(i.TIM_InternalClockConfig), (10 bytes).
    Removing stm32f4xx_tim.o(i.TIM_OC1FastConfig), (12 bytes).
    Removing stm32f4xx_tim.o(i.TIM_OC1Init), (104 bytes).
    Removing stm32f4xx_tim.o(i.TIM_OC1NPolarityConfig), (12 bytes).
    Removing stm32f4xx_tim.o(i.TIM_OC1PolarityConfig), (12 bytes).
    Removing stm32f4xx_tim.o(i.TIM_OC1PreloadConfig), (12 bytes).
    Removing stm32f4xx_tim.o(i.TIM_OC2FastConfig), (20 bytes).
    Removing stm32f4xx_tim.o(i.TIM_OC2Init), (136 bytes).
    Removing stm32f4xx_tim.o(i.TIM_OC2NPolarityConfig), (20 bytes).
    Removing stm32f4xx_tim.o(i.TIM_OC2PolarityConfig), (20 bytes).
    Removing stm32f4xx_tim.o(i.TIM_OC2PreloadConfig), (20 bytes).
    Removing stm32f4xx_tim.o(i.TIM_OC3FastConfig), (12 bytes).
    Removing stm32f4xx_tim.o(i.TIM_OC3Init), (132 bytes).
    Removing stm32f4xx_tim.o(i.TIM_OC3NPolarityConfig), (20 bytes).
    Removing stm32f4xx_tim.o(i.TIM_OC3PolarityConfig), (20 bytes).
    Removing stm32f4xx_tim.o(i.TIM_OC3PreloadConfig), (12 bytes).
    Removing stm32f4xx_tim.o(i.TIM_OC4FastConfig), (20 bytes).
    Removing stm32f4xx_tim.o(i.TIM_OC4Init), (100 bytes).
    Removing stm32f4xx_tim.o(i.TIM_OC4PolarityConfig), (20 bytes).
    Removing stm32f4xx_tim.o(i.TIM_OC4PreloadConfig), (20 bytes).
    Removing stm32f4xx_tim.o(i.TIM_OCStructInit), (20 bytes).
    Removing stm32f4xx_tim.o(i.TIM_PWMIConfig), (110 bytes).
    Removing stm32f4xx_tim.o(i.TIM_PrescalerConfig), (6 bytes).
    Removing stm32f4xx_tim.o(i.TIM_RemapConfig), (6 bytes).
    Removing stm32f4xx_tim.o(i.TIM_SelectCCDMA), (24 bytes).
    Removing stm32f4xx_tim.o(i.TIM_SelectCOM), (24 bytes).
    Removing stm32f4xx_tim.o(i.TIM_SelectHallSensor), (24 bytes).
    Removing stm32f4xx_tim.o(i.TIM_SelectInputTrigger), (12 bytes).
    Removing stm32f4xx_tim.o(i.TIM_SelectMasterSlaveMode), (16 bytes).
    Removing stm32f4xx_tim.o(i.TIM_SelectOCxM), (80 bytes).
    Removing stm32f4xx_tim.o(i.TIM_SelectOnePulseMode), (16 bytes).
    Removing stm32f4xx_tim.o(i.TIM_SelectOutputTrigger), (16 bytes).
    Removing stm32f4xx_tim.o(i.TIM_SelectSlaveMode), (16 bytes).
    Removing stm32f4xx_tim.o(i.TIM_SetAutoreload), (4 bytes).
    Removing stm32f4xx_tim.o(i.TIM_SetClockDivision), (16 bytes).
    Removing stm32f4xx_tim.o(i.TIM_SetCompare1), (4 bytes).
    Removing stm32f4xx_tim.o(i.TIM_SetCompare2), (4 bytes).
    Removing stm32f4xx_tim.o(i.TIM_SetCompare3), (4 bytes).
    Removing stm32f4xx_tim.o(i.TIM_SetCompare4), (4 bytes).
    Removing stm32f4xx_tim.o(i.TIM_SetCounter), (4 bytes).
    Removing stm32f4xx_tim.o(i.TIM_SetIC1Prescaler), (16 bytes).
    Removing stm32f4xx_tim.o(i.TIM_SetIC2Prescaler), (24 bytes).
    Removing stm32f4xx_tim.o(i.TIM_SetIC3Prescaler), (16 bytes).
    Removing stm32f4xx_tim.o(i.TIM_SetIC4Prescaler), (24 bytes).
    Removing stm32f4xx_tim.o(i.TIM_TIxExternalClockConfig), (48 bytes).
    Removing stm32f4xx_tim.o(i.TIM_TimeBaseInit), (124 bytes).
    Removing stm32f4xx_tim.o(i.TIM_TimeBaseStructInit), (18 bytes).
    Removing stm32f4xx_tim.o(i.TIM_UpdateDisableConfig), (24 bytes).
    Removing stm32f4xx_tim.o(i.TIM_UpdateRequestConfig), (24 bytes).
    Removing stm32f4xx_usart.o(.rev16_text), (4 bytes).
    Removing stm32f4xx_usart.o(.revsh_text), (4 bytes).
    Removing stm32f4xx_usart.o(.rrx_text), (6 bytes).
    Removing stm32f4xx_usart.o(i.USART_ClearFlag), (8 bytes).
    Removing stm32f4xx_usart.o(i.USART_ClearITPendingBit), (16 bytes).
    Removing stm32f4xx_usart.o(i.USART_ClockInit), (28 bytes).
    Removing stm32f4xx_usart.o(i.USART_ClockStructInit), (12 bytes).
    Removing stm32f4xx_usart.o(i.USART_DMACmd), (20 bytes).
    Removing stm32f4xx_usart.o(i.USART_DeInit), (256 bytes).
    Removing stm32f4xx_usart.o(i.USART_HalfDuplexCmd), (24 bytes).
    Removing stm32f4xx_usart.o(i.USART_IrDACmd), (24 bytes).
    Removing stm32f4xx_usart.o(i.USART_IrDAConfig), (16 bytes).
    Removing stm32f4xx_usart.o(i.USART_LINBreakDetectLengthConfig), (16 bytes).
    Removing stm32f4xx_usart.o(i.USART_LINCmd), (24 bytes).
    Removing stm32f4xx_usart.o(i.USART_OneBitMethodCmd), (24 bytes).
    Removing stm32f4xx_usart.o(i.USART_OverSampling8Cmd), (24 bytes).
    Removing stm32f4xx_usart.o(i.USART_ReceiverWakeUpCmd), (24 bytes).
    Removing stm32f4xx_usart.o(i.USART_SendBreak), (10 bytes).
    Removing stm32f4xx_usart.o(i.USART_SetAddress), (16 bytes).
    Removing stm32f4xx_usart.o(i.USART_SetGuardTime), (16 bytes).
    Removing stm32f4xx_usart.o(i.USART_SetPrescaler), (16 bytes).
    Removing stm32f4xx_usart.o(i.USART_SmartCardCmd), (24 bytes).
    Removing stm32f4xx_usart.o(i.USART_SmartCardNACKCmd), (24 bytes).
    Removing stm32f4xx_usart.o(i.USART_StructInit), (22 bytes).
    Removing stm32f4xx_usart.o(i.USART_WakeUpConfig), (16 bytes).
    Removing stm32f4xx_wwdg.o(.rev16_text), (4 bytes).
    Removing stm32f4xx_wwdg.o(.revsh_text), (4 bytes).
    Removing stm32f4xx_wwdg.o(.rrx_text), (6 bytes).
    Removing stm32f4xx_wwdg.o(i.WWDG_ClearFlag), (12 bytes).
    Removing stm32f4xx_wwdg.o(i.WWDG_DeInit), (24 bytes).
    Removing stm32f4xx_wwdg.o(i.WWDG_Enable), (16 bytes).
    Removing stm32f4xx_wwdg.o(i.WWDG_EnableIT), (12 bytes).
    Removing stm32f4xx_wwdg.o(i.WWDG_GetFlagStatus), (20 bytes).
    Removing stm32f4xx_wwdg.o(i.WWDG_SetCounter), (16 bytes).
    Removing stm32f4xx_wwdg.o(i.WWDG_SetPrescaler), (20 bytes).
    Removing stm32f4xx_wwdg.o(i.WWDG_SetWindowValue), (32 bytes).
    Removing main.o(.rev16_text), (4 bytes).
    Removing main.o(.revsh_text), (4 bytes).
    Removing main.o(.rrx_text), (6 bytes).
    Removing main.o(i.delay), (10 bytes).
    Removing main.o(.data), (1 bytes).
    Removing main.o(.data), (1 bytes).
    Removing main.o(.data), (1 bytes).
    Removing main.o(.data), (1 bytes).
    Removing main.o(.data), (4 bytes).
    Removing main.o(.data), (4 bytes).
    Removing stm32f4xx_it.o(.rev16_text), (4 bytes).
    Removing stm32f4xx_it.o(.revsh_text), (4 bytes).
    Removing stm32f4xx_it.o(.rrx_text), (6 bytes).
    Removing bsp_debug_usart.o(.rev16_text), (4 bytes).
    Removing bsp_debug_usart.o(.revsh_text), (4 bytes).
    Removing bsp_debug_usart.o(.rrx_text), (6 bytes).
    Removing bsp_debug_usart.o(i.Usart_SendByte), (24 bytes).
    Removing bsp_debug_usart.o(i.Usart_SendHalfWord), (50 bytes).
    Removing bsp_debug_usart.o(i.Usart_SendString), (38 bytes).
    Removing bsp_debug_usart.o(i.fgetc), (32 bytes).
    Removing cpuport.o(.rev16_text), (4 bytes).
    Removing cpuport.o(.revsh_text), (4 bytes).
    Removing cpuport.o(.rrx_text), (6 bytes).
    Removing clock.o(.rev16_text), (4 bytes).
    Removing clock.o(.revsh_text), (4 bytes).
    Removing clock.o(.rrx_text), (6 bytes).
    Removing idle.o(.rev16_text), (4 bytes).
    Removing idle.o(.revsh_text), (4 bytes).
    Removing idle.o(.rrx_text), (6 bytes).
    Removing irq.o(.rev16_text), (4 bytes).
    Removing irq.o(.revsh_text), (4 bytes).
    Removing irq.o(.rrx_text), (6 bytes).
    Removing kservice.o(.rev16_text), (4 bytes).
    Removing kservice.o(.revsh_text), (4 bytes).
    Removing kservice.o(.rrx_text), (6 bytes).
    Removing kservice.o(i.gs_memmove), (52 bytes).
    Removing kservice.o(i.gs_strcmp), (52 bytes).
    Removing kservice.o(i.gs_strlen), (16 bytes).
    Removing object.o(.rev16_text), (4 bytes).
    Removing object.o(.revsh_text), (4 bytes).
    Removing object.o(.rrx_text), (6 bytes).
    Removing scheduler.o(.rev16_text), (4 bytes).
    Removing scheduler.o(.revsh_text), (4 bytes).
    Removing scheduler.o(.rrx_text), (6 bytes).
    Removing scheduler.o(.data), (8 bytes).
    Removing thread.o(.rev16_text), (4 bytes).
    Removing thread.o(.revsh_text), (4 bytes).
    Removing thread.o(.rrx_text), (6 bytes).
    Removing thread.o(i.gs_thread_control), (34 bytes).
    Removing thread.o(i.gs_thread_delay_s), (10 bytes).
    Removing timer.o(.rev16_text), (4 bytes).
    Removing timer.o(.revsh_text), (4 bytes).
    Removing timer.o(.rrx_text), (6 bytes).
    Removing components.o(.rev16_text), (4 bytes).
    Removing components.o(.revsh_text), (4 bytes).
    Removing components.o(.rrx_text), (6 bytes).
    Removing ipc.o(.rev16_text), (4 bytes).
    Removing ipc.o(.revsh_text), (4 bytes).
    Removing ipc.o(.rrx_text), (6 bytes).
    Removing ipc.o(i.gs_ipc_list_resume), (14 bytes).
    Removing ipc.o(i.gs_ipc_list_resume_all), (46 bytes).
    Removing ipc.o(i.gs_ipc_list_suspend), (90 bytes).
    Removing ipc.o(i.gs_list_insert_before), (14 bytes).
    Removing ipc.o(i.gs_list_isempty), (14 bytes).
    Removing ipc.o(i.gs_mutex_delete), (12 bytes).
    Removing ipc.o(i.gs_mutex_release), (146 bytes).
    Removing ipc.o(i.gs_mutex_take), (184 bytes).
    Removing ipc.o(i.gs_sem_delete), (12 bytes).
    Removing ipc.o(i.gs_sem_release), (64 bytes).
    Removing ipc.o(i.gs_sem_take), (112 bytes).
    Removing shell.o(.rev16_text), (4 bytes).
    Removing shell.o(.revsh_text), (4 bytes).
    Removing shell.o(.rrx_text), (6 bytes).
    Removing shell.o(i.shell_match), (128 bytes).
    Removing cmd.o(.rev16_text), (4 bytes).
    Removing cmd.o(.revsh_text), (4 bytes).
    Removing cmd.o(.rrx_text), (6 bytes).
    Removing ringbuffer.o(.rev16_text), (4 bytes).
    Removing ringbuffer.o(.revsh_text), (4 bytes).
    Removing ringbuffer.o(.rrx_text), (6 bytes).
    Removing bsp_led.o(.rev16_text), (4 bytes).
    Removing bsp_led.o(.revsh_text), (4 bytes).
    Removing bsp_led.o(.rrx_text), (6 bytes).
    Removing bsp_key.o(.rev16_text), (4 bytes).
    Removing bsp_key.o(.revsh_text), (4 bytes).
    Removing bsp_key.o(.rrx_text), (6 bytes).
    Removing bsp_key.o(i.Key_Delay), (18 bytes).
    Removing bsp_key.o(i.Key_Scan), (38 bytes).
    Removing dadd.o(.text), (334 bytes).
    Removing dmul.o(.text), (228 bytes).
    Removing ddiv.o(.text), (222 bytes).
    Removing dfixul.o(.text), (48 bytes).
    Removing cdrcmple.o(.text), (48 bytes).
    Removing depilogue.o(.text), (186 bytes).

851 unused section(s) (total 30992 bytes) removed from the image.

==============================================================================

Image Symbol Table

    Local Symbols

    Symbol Name                              Value     Ov Type        Size  Object(Section)

    ../clib/microlib/division.c              0x00000000   Number         0  uidiv.o ABSOLUTE
    ../clib/microlib/division.c              0x00000000   Number         0  uldiv.o ABSOLUTE
    ../clib/microlib/init/entry.s            0x00000000   Number         0  entry8a.o ABSOLUTE
    ../clib/microlib/init/entry.s            0x00000000   Number         0  entry11b.o ABSOLUTE
    ../clib/microlib/init/entry.s            0x00000000   Number         0  entry7a.o ABSOLUTE
    ../clib/microlib/init/entry.s            0x00000000   Number         0  entry.o ABSOLUTE
    ../clib/microlib/init/entry.s            0x00000000   Number         0  entry10a.o ABSOLUTE
    ../clib/microlib/init/entry.s            0x00000000   Number         0  entry9a.o ABSOLUTE
    ../clib/microlib/init/entry.s            0x00000000   Number         0  entry5.o ABSOLUTE
    ../clib/microlib/init/entry.s            0x00000000   Number         0  entry8b.o ABSOLUTE
    ../clib/microlib/init/entry.s            0x00000000   Number         0  entry2.o ABSOLUTE
    ../clib/microlib/init/entry.s            0x00000000   Number         0  entry9b.o ABSOLUTE
    ../clib/microlib/init/entry.s            0x00000000   Number         0  entry10b.o ABSOLUTE
    ../clib/microlib/init/entry.s            0x00000000   Number         0  entry11a.o ABSOLUTE
    ../clib/microlib/init/entry.s            0x00000000   Number         0  entry7b.o ABSOLUTE
    ../clib/microlib/longlong.c              0x00000000   Number         0  llshl.o ABSOLUTE
    ../clib/microlib/longlong.c              0x00000000   Number         0  llushr.o ABSOLUTE
    ../clib/microlib/longlong.c              0x00000000   Number         0  llsshr.o ABSOLUTE
    ../clib/microlib/printf/printf.c         0x00000000   Number         0  printfb.o ABSOLUTE
    ../clib/microlib/printf/printf.c         0x00000000   Number         0  printf0.o ABSOLUTE
    ../clib/microlib/printf/printf.c         0x00000000   Number         0  printf1.o ABSOLUTE
    ../clib/microlib/printf/printf.c         0x00000000   Number         0  printf3.o ABSOLUTE
    ../clib/microlib/printf/printf.c         0x00000000   Number         0  printf7.o ABSOLUTE
    ../clib/microlib/printf/printf.c         0x00000000   Number         0  printfa.o ABSOLUTE
    ../clib/microlib/printf/printf.c         0x00000000   Number         0  printf8.o ABSOLUTE
    ../clib/microlib/printf/printf.c         0x00000000   Number         0  printf2.o ABSOLUTE
    ../clib/microlib/printf/printf.c         0x00000000   Number         0  printf6.o ABSOLUTE
    ../clib/microlib/printf/printf.c         0x00000000   Number         0  printf5.o ABSOLUTE
    ../clib/microlib/printf/printf.c         0x00000000   Number         0  printf4.o ABSOLUTE
    ../clib/microlib/printf/stubs.s          0x00000000   Number         0  stubs.o ABSOLUTE
    ../clib/microlib/stdio/streams.c         0x00000000   Number         0  stdout.o ABSOLUTE
    ../clib/microlib/string/strcpy.c         0x00000000   Number         0  strcpy.o ABSOLUTE
    ../clib/microlib/stubs.s                 0x00000000   Number         0  iusefp.o ABSOLUTE
    ../fplib/microlib/fpadd.c                0x00000000   Number         0  dadd.o ABSOLUTE
    ../fplib/microlib/fpdiv.c                0x00000000   Number         0  ddiv.o ABSOLUTE
    ../fplib/microlib/fpepilogue.c           0x00000000   Number         0  depilogue.o ABSOLUTE
    ../fplib/microlib/fpfix.c                0x00000000   Number         0  dfixul.o ABSOLUTE
    ../fplib/microlib/fpmul.c                0x00000000   Number         0  dmul.o ABSOLUTE
    ..\..\Libraries\CMSIS\Device\ST\STM32F4xx\Source\Templates\arm\startup_stm32f40xx.s 0x00000000   Number         0  startup_stm32f40xx.o ABSOLUTE
    ..\..\Libraries\CMSIS\Device\ST\STM32F4xx\Source\Templates\system_stm32f4xx.c 0x00000000   Number         0  system_stm32f4xx.o ABSOLUTE
    ..\..\Libraries\STM32F4xx_StdPeriph_Driver\src\misc.c 0x00000000   Number         0  misc.o ABSOLUTE
    ..\..\Libraries\STM32F4xx_StdPeriph_Driver\src\stm32f4xx_adc.c 0x00000000   Number         0  stm32f4xx_adc.o ABSOLUTE
    ..\..\Libraries\STM32F4xx_StdPeriph_Driver\src\stm32f4xx_can.c 0x00000000   Number         0  stm32f4xx_can.o ABSOLUTE
    ..\..\Libraries\STM32F4xx_StdPeriph_Driver\src\stm32f4xx_cec.c 0x00000000   Number         0  stm32f4xx_cec.o ABSOLUTE
    ..\..\Libraries\STM32F4xx_StdPeriph_Driver\src\stm32f4xx_crc.c 0x00000000   Number         0  stm32f4xx_crc.o ABSOLUTE
    ..\..\Libraries\STM32F4xx_StdPeriph_Driver\src\stm32f4xx_cryp.c 0x00000000   Number         0  stm32f4xx_cryp.o ABSOLUTE
    ..\..\Libraries\STM32F4xx_StdPeriph_Driver\src\stm32f4xx_cryp_aes.c 0x00000000   Number         0  stm32f4xx_cryp_aes.o ABSOLUTE
    ..\..\Libraries\STM32F4xx_StdPeriph_Driver\src\stm32f4xx_cryp_des.c 0x00000000   Number         0  stm32f4xx_cryp_des.o ABSOLUTE
    ..\..\Libraries\STM32F4xx_StdPeriph_Driver\src\stm32f4xx_cryp_tdes.c 0x00000000   Number         0  stm32f4xx_cryp_tdes.o ABSOLUTE
    ..\..\Libraries\STM32F4xx_StdPeriph_Driver\src\stm32f4xx_dac.c 0x00000000   Number         0  stm32f4xx_dac.o ABSOLUTE
    ..\..\Libraries\STM32F4xx_StdPeriph_Driver\src\stm32f4xx_dbgmcu.c 0x00000000   Number         0  stm32f4xx_dbgmcu.o ABSOLUTE
    ..\..\Libraries\STM32F4xx_StdPeriph_Driver\src\stm32f4xx_dcmi.c 0x00000000   Number         0  stm32f4xx_dcmi.o ABSOLUTE
    ..\..\Libraries\STM32F4xx_StdPeriph_Driver\src\stm32f4xx_dma.c 0x00000000   Number         0  stm32f4xx_dma.o ABSOLUTE
    ..\..\Libraries\STM32F4xx_StdPeriph_Driver\src\stm32f4xx_exti.c 0x00000000   Number         0  stm32f4xx_exti.o ABSOLUTE
    ..\..\Libraries\STM32F4xx_StdPeriph_Driver\src\stm32f4xx_flash.c 0x00000000   Number         0  stm32f4xx_flash.o ABSOLUTE
    ..\..\Libraries\STM32F4xx_StdPeriph_Driver\src\stm32f4xx_flash_ramfunc.c 0x00000000   Number         0  stm32f4xx_flash_ramfunc.o ABSOLUTE
    ..\..\Libraries\STM32F4xx_StdPeriph_Driver\src\stm32f4xx_fmpi2c.c 0x00000000   Number         0  stm32f4xx_fmpi2c.o ABSOLUTE
    ..\..\Libraries\STM32F4xx_StdPeriph_Driver\src\stm32f4xx_fsmc.c 0x00000000   Number         0  stm32f4xx_fsmc.o ABSOLUTE
    ..\..\Libraries\STM32F4xx_StdPeriph_Driver\src\stm32f4xx_gpio.c 0x00000000   Number         0  stm32f4xx_gpio.o ABSOLUTE
    ..\..\Libraries\STM32F4xx_StdPeriph_Driver\src\stm32f4xx_hash.c 0x00000000   Number         0  stm32f4xx_hash.o ABSOLUTE
    ..\..\Libraries\STM32F4xx_StdPeriph_Driver\src\stm32f4xx_hash_md5.c 0x00000000   Number         0  stm32f4xx_hash_md5.o ABSOLUTE
    ..\..\Libraries\STM32F4xx_StdPeriph_Driver\src\stm32f4xx_hash_sha1.c 0x00000000   Number         0  stm32f4xx_hash_sha1.o ABSOLUTE
    ..\..\Libraries\STM32F4xx_StdPeriph_Driver\src\stm32f4xx_i2c.c 0x00000000   Number         0  stm32f4xx_i2c.o ABSOLUTE
    ..\..\Libraries\STM32F4xx_StdPeriph_Driver\src\stm32f4xx_iwdg.c 0x00000000   Number         0  stm32f4xx_iwdg.o ABSOLUTE
    ..\..\Libraries\STM32F4xx_StdPeriph_Driver\src\stm32f4xx_pwr.c 0x00000000   Number         0  stm32f4xx_pwr.o ABSOLUTE
    ..\..\Libraries\STM32F4xx_StdPeriph_Driver\src\stm32f4xx_qspi.c 0x00000000   Number         0  stm32f4xx_qspi.o ABSOLUTE
    ..\..\Libraries\STM32F4xx_StdPeriph_Driver\src\stm32f4xx_rcc.c 0x00000000   Number         0  stm32f4xx_rcc.o ABSOLUTE
    ..\..\Libraries\STM32F4xx_StdPeriph_Driver\src\stm32f4xx_rng.c 0x00000000   Number         0  stm32f4xx_rng.o ABSOLUTE
    ..\..\Libraries\STM32F4xx_StdPeriph_Driver\src\stm32f4xx_rtc.c 0x00000000   Number         0  stm32f4xx_rtc.o ABSOLUTE
    ..\..\Libraries\STM32F4xx_StdPeriph_Driver\src\stm32f4xx_sai.c 0x00000000   Number         0  stm32f4xx_sai.o ABSOLUTE
    ..\..\Libraries\STM32F4xx_StdPeriph_Driver\src\stm32f4xx_sdio.c 0x00000000   Number         0  stm32f4xx_sdio.o ABSOLUTE
    ..\..\Libraries\STM32F4xx_StdPeriph_Driver\src\stm32f4xx_spdifrx.c 0x00000000   Number         0  stm32f4xx_spdifrx.o ABSOLUTE
    ..\..\Libraries\STM32F4xx_StdPeriph_Driver\src\stm32f4xx_spi.c 0x00000000   Number         0  stm32f4xx_spi.o ABSOLUTE
    ..\..\Libraries\STM32F4xx_StdPeriph_Driver\src\stm32f4xx_syscfg.c 0x00000000   Number         0  stm32f4xx_syscfg.o ABSOLUTE
    ..\..\Libraries\STM32F4xx_StdPeriph_Driver\src\stm32f4xx_tim.c 0x00000000   Number         0  stm32f4xx_tim.o ABSOLUTE
    ..\..\Libraries\STM32F4xx_StdPeriph_Driver\src\stm32f4xx_usart.c 0x00000000   Number         0  stm32f4xx_usart.o ABSOLUTE
    ..\..\Libraries\STM32F4xx_StdPeriph_Driver\src\stm32f4xx_wwdg.c 0x00000000   Number         0  stm32f4xx_wwdg.o ABSOLUTE
    ..\..\User\key\bsp_key.c                 0x00000000   Number         0  bsp_key.o ABSOLUTE
    ..\..\User\led\bsp_led.c                 0x00000000   Number         0  bsp_led.o ABSOLUTE
    ..\..\User\main.c                        0x00000000   Number         0  main.o ABSOLUTE
    ..\..\User\stm32f4xx_it.c                0x00000000   Number         0  stm32f4xx_it.o ABSOLUTE
    ..\..\User\usart\bsp_debug_usart.c       0x00000000   Number         0  bsp_debug_usart.o ABSOLUTE
    ..\..\gsthread\components\cmd.c          0x00000000   Number         0  cmd.o ABSOLUTE
    ..\..\gsthread\components\ringbuffer.c   0x00000000   Number         0  ringbuffer.o ABSOLUTE
    ..\..\gsthread\components\shell.c        0x00000000   Number         0  shell.o ABSOLUTE
    ..\..\gsthread\libcpu\arm\cortex-m4\context_rvds.s 0x00000000   Number         0  context_rvds.o ABSOLUTE
    ..\..\gsthread\libcpu\arm\cortex-m4\cpuport.c 0x00000000   Number         0  cpuport.o ABSOLUTE
    ..\..\gsthread\src\clock.c               0x00000000   Number         0  clock.o ABSOLUTE
    ..\..\gsthread\src\components.c          0x00000000   Number         0  components.o ABSOLUTE
    ..\..\gsthread\src\idle.c                0x00000000   Number         0  idle.o ABSOLUTE
    ..\..\gsthread\src\ipc.c                 0x00000000   Number         0  ipc.o ABSOLUTE
    ..\..\gsthread\src\irq.c                 0x00000000   Number         0  irq.o ABSOLUTE
    ..\..\gsthread\src\kservice.c            0x00000000   Number         0  kservice.o ABSOLUTE
    ..\..\gsthread\src\list.c                0x00000000   Number         0  list.o ABSOLUTE
    ..\..\gsthread\src\object.c              0x00000000   Number         0  object.o ABSOLUTE
    ..\..\gsthread\src\scheduler.c           0x00000000   Number         0  scheduler.o ABSOLUTE
    ..\..\gsthread\src\thread.c              0x00000000   Number         0  thread.o ABSOLUTE
    ..\..\gsthread\src\timer.c               0x00000000   Number         0  timer.o ABSOLUTE
    ..\\..\\Libraries\\CMSIS\\Device\\ST\\STM32F4xx\\Source\\Templates\\system_stm32f4xx.c 0x00000000   Number         0  system_stm32f4xx.o ABSOLUTE
    ..\\..\\Libraries\\STM32F4xx_StdPeriph_Driver\\src\\misc.c 0x00000000   Number         0  misc.o ABSOLUTE
    ..\\..\\Libraries\\STM32F4xx_StdPeriph_Driver\\src\\stm32f4xx_adc.c 0x00000000   Number         0  stm32f4xx_adc.o ABSOLUTE
    ..\\..\\Libraries\\STM32F4xx_StdPeriph_Driver\\src\\stm32f4xx_can.c 0x00000000   Number         0  stm32f4xx_can.o ABSOLUTE
    ..\\..\\Libraries\\STM32F4xx_StdPeriph_Driver\\src\\stm32f4xx_cec.c 0x00000000   Number         0  stm32f4xx_cec.o ABSOLUTE
    ..\\..\\Libraries\\STM32F4xx_StdPeriph_Driver\\src\\stm32f4xx_crc.c 0x00000000   Number         0  stm32f4xx_crc.o ABSOLUTE
    ..\\..\\Libraries\\STM32F4xx_StdPeriph_Driver\\src\\stm32f4xx_cryp.c 0x00000000   Number         0  stm32f4xx_cryp.o ABSOLUTE
    ..\\..\\Libraries\\STM32F4xx_StdPeriph_Driver\\src\\stm32f4xx_cryp_aes.c 0x00000000   Number         0  stm32f4xx_cryp_aes.o ABSOLUTE
    ..\\..\\Libraries\\STM32F4xx_StdPeriph_Driver\\src\\stm32f4xx_cryp_des.c 0x00000000   Number         0  stm32f4xx_cryp_des.o ABSOLUTE
    ..\\..\\Libraries\\STM32F4xx_StdPeriph_Driver\\src\\stm32f4xx_cryp_tdes.c 0x00000000   Number         0  stm32f4xx_cryp_tdes.o ABSOLUTE
    ..\\..\\Libraries\\STM32F4xx_StdPeriph_Driver\\src\\stm32f4xx_dac.c 0x00000000   Number         0  stm32f4xx_dac.o ABSOLUTE
    ..\\..\\Libraries\\STM32F4xx_StdPeriph_Driver\\src\\stm32f4xx_dbgmcu.c 0x00000000   Number         0  stm32f4xx_dbgmcu.o ABSOLUTE
    ..\\..\\Libraries\\STM32F4xx_StdPeriph_Driver\\src\\stm32f4xx_dcmi.c 0x00000000   Number         0  stm32f4xx_dcmi.o ABSOLUTE
    ..\\..\\Libraries\\STM32F4xx_StdPeriph_Driver\\src\\stm32f4xx_dma.c 0x00000000   Number         0  stm32f4xx_dma.o ABSOLUTE
    ..\\..\\Libraries\\STM32F4xx_StdPeriph_Driver\\src\\stm32f4xx_exti.c 0x00000000   Number         0  stm32f4xx_exti.o ABSOLUTE
    ..\\..\\Libraries\\STM32F4xx_StdPeriph_Driver\\src\\stm32f4xx_flash.c 0x00000000   Number         0  stm32f4xx_flash.o ABSOLUTE
    ..\\..\\Libraries\\STM32F4xx_StdPeriph_Driver\\src\\stm32f4xx_flash_ramfunc.c 0x00000000   Number         0  stm32f4xx_flash_ramfunc.o ABSOLUTE
    ..\\..\\Libraries\\STM32F4xx_StdPeriph_Driver\\src\\stm32f4xx_fmpi2c.c 0x00000000   Number         0  stm32f4xx_fmpi2c.o ABSOLUTE
    ..\\..\\Libraries\\STM32F4xx_StdPeriph_Driver\\src\\stm32f4xx_fsmc.c 0x00000000   Number         0  stm32f4xx_fsmc.o ABSOLUTE
    ..\\..\\Libraries\\STM32F4xx_StdPeriph_Driver\\src\\stm32f4xx_gpio.c 0x00000000   Number         0  stm32f4xx_gpio.o ABSOLUTE
    ..\\..\\Libraries\\STM32F4xx_StdPeriph_Driver\\src\\stm32f4xx_hash.c 0x00000000   Number         0  stm32f4xx_hash.o ABSOLUTE
    ..\\..\\Libraries\\STM32F4xx_StdPeriph_Driver\\src\\stm32f4xx_hash_md5.c 0x00000000   Number         0  stm32f4xx_hash_md5.o ABSOLUTE
    ..\\..\\Libraries\\STM32F4xx_StdPeriph_Driver\\src\\stm32f4xx_hash_sha1.c 0x00000000   Number         0  stm32f4xx_hash_sha1.o ABSOLUTE
    ..\\..\\Libraries\\STM32F4xx_StdPeriph_Driver\\src\\stm32f4xx_i2c.c 0x00000000   Number         0  stm32f4xx_i2c.o ABSOLUTE
    ..\\..\\Libraries\\STM32F4xx_StdPeriph_Driver\\src\\stm32f4xx_iwdg.c 0x00000000   Number         0  stm32f4xx_iwdg.o ABSOLUTE
    ..\\..\\Libraries\\STM32F4xx_StdPeriph_Driver\\src\\stm32f4xx_pwr.c 0x00000000   Number         0  stm32f4xx_pwr.o ABSOLUTE
    ..\\..\\Libraries\\STM32F4xx_StdPeriph_Driver\\src\\stm32f4xx_qspi.c 0x00000000   Number         0  stm32f4xx_qspi.o ABSOLUTE
    ..\\..\\Libraries\\STM32F4xx_StdPeriph_Driver\\src\\stm32f4xx_rcc.c 0x00000000   Number         0  stm32f4xx_rcc.o ABSOLUTE
    ..\\..\\Libraries\\STM32F4xx_StdPeriph_Driver\\src\\stm32f4xx_rng.c 0x00000000   Number         0  stm32f4xx_rng.o ABSOLUTE
    ..\\..\\Libraries\\STM32F4xx_StdPeriph_Driver\\src\\stm32f4xx_rtc.c 0x00000000   Number         0  stm32f4xx_rtc.o ABSOLUTE
    ..\\..\\Libraries\\STM32F4xx_StdPeriph_Driver\\src\\stm32f4xx_sai.c 0x00000000   Number         0  stm32f4xx_sai.o ABSOLUTE
    ..\\..\\Libraries\\STM32F4xx_StdPeriph_Driver\\src\\stm32f4xx_sdio.c 0x00000000   Number         0  stm32f4xx_sdio.o ABSOLUTE
    ..\\..\\Libraries\\STM32F4xx_StdPeriph_Driver\\src\\stm32f4xx_spdifrx.c 0x00000000   Number         0  stm32f4xx_spdifrx.o ABSOLUTE
    ..\\..\\Libraries\\STM32F4xx_StdPeriph_Driver\\src\\stm32f4xx_spi.c 0x00000000   Number         0  stm32f4xx_spi.o ABSOLUTE
    ..\\..\\Libraries\\STM32F4xx_StdPeriph_Driver\\src\\stm32f4xx_syscfg.c 0x00000000   Number         0  stm32f4xx_syscfg.o ABSOLUTE
    ..\\..\\Libraries\\STM32F4xx_StdPeriph_Driver\\src\\stm32f4xx_tim.c 0x00000000   Number         0  stm32f4xx_tim.o ABSOLUTE
    ..\\..\\Libraries\\STM32F4xx_StdPeriph_Driver\\src\\stm32f4xx_usart.c 0x00000000   Number         0  stm32f4xx_usart.o ABSOLUTE
    ..\\..\\Libraries\\STM32F4xx_StdPeriph_Driver\\src\\stm32f4xx_wwdg.c 0x00000000   Number         0  stm32f4xx_wwdg.o ABSOLUTE
    ..\\..\\User\\key\\bsp_key.c             0x00000000   Number         0  bsp_key.o ABSOLUTE
    ..\\..\\User\\led\\bsp_led.c             0x00000000   Number         0  bsp_led.o ABSOLUTE
    ..\\..\\User\\main.c                     0x00000000   Number         0  main.o ABSOLUTE
    ..\\..\\User\\stm32f4xx_it.c             0x00000000   Number         0  stm32f4xx_it.o ABSOLUTE
    ..\\..\\User\\usart\\bsp_debug_usart.c   0x00000000   Number         0  bsp_debug_usart.o ABSOLUTE
    ..\\..\\gsthread\\components\\cmd.c      0x00000000   Number         0  cmd.o ABSOLUTE
    ..\\..\\gsthread\\components\\ringbuffer.c 0x00000000   Number         0  ringbuffer.o ABSOLUTE
    ..\\..\\gsthread\\components\\shell.c    0x00000000   Number         0  shell.o ABSOLUTE
    ..\\..\\gsthread\\libcpu\\arm\\cortex-m4\\cpuport.c 0x00000000   Number         0  cpuport.o ABSOLUTE
    ..\\..\\gsthread\\src\\clock.c           0x00000000   Number         0  clock.o ABSOLUTE
    ..\\..\\gsthread\\src\\components.c      0x00000000   Number         0  components.o ABSOLUTE
    ..\\..\\gsthread\\src\\idle.c            0x00000000   Number         0  idle.o ABSOLUTE
    ..\\..\\gsthread\\src\\ipc.c             0x00000000   Number         0  ipc.o ABSOLUTE
    ..\\..\\gsthread\\src\\irq.c             0x00000000   Number         0  irq.o ABSOLUTE
    ..\\..\\gsthread\\src\\kservice.c        0x00000000   Number         0  kservice.o ABSOLUTE
    ..\\..\\gsthread\\src\\object.c          0x00000000   Number         0  object.o ABSOLUTE
    ..\\..\\gsthread\\src\\scheduler.c       0x00000000   Number         0  scheduler.o ABSOLUTE
    ..\\..\\gsthread\\src\\thread.c          0x00000000   Number         0  thread.o ABSOLUTE
    ..\\..\\gsthread\\src\\timer.c           0x00000000   Number         0  timer.o ABSOLUTE
    cdrcmple.s                               0x00000000   Number         0  cdrcmple.o ABSOLUTE
    dc.s                                     0x00000000   Number         0  dc.o ABSOLUTE
    handlers.s                               0x00000000   Number         0  handlers.o ABSOLUTE
    init.s                                   0x00000000   Number         0  init.o ABSOLUTE
    RESET                                    0x08000000   Section      392  startup_stm32f40xx.o(RESET)
    .ARM.Collect$$$$00000000                 0x08000188   Section        0  entry.o(.ARM.Collect$$$$00000000)
    .ARM.Collect$$$$00000001                 0x08000188   Section        4  entry2.o(.ARM.Collect$$$$00000001)
    .ARM.Collect$$$$00000004                 0x0800018c   Section        4  entry5.o(.ARM.Collect$$$$00000004)
    .ARM.Collect$$$$00000008                 0x08000190   Section        0  entry7b.o(.ARM.Collect$$$$00000008)
    .ARM.Collect$$$$0000000A                 0x08000190   Section        0  entry8b.o(.ARM.Collect$$$$0000000A)
    .ARM.Collect$$$$0000000B                 0x08000190   Section        8  entry9a.o(.ARM.Collect$$$$0000000B)
    .ARM.Collect$$$$0000000D                 0x08000198   Section        0  entry10a.o(.ARM.Collect$$$$0000000D)
    .ARM.Collect$$$$0000000F                 0x08000198   Section        0  entry11a.o(.ARM.Collect$$$$0000000F)
    .ARM.Collect$$$$00002712                 0x08000198   Section        4  entry2.o(.ARM.Collect$$$$00002712)
    __lit__00000000                          0x08000198   Data           4  entry2.o(.ARM.Collect$$$$00002712)
    .text                                    0x0800019c   Section       36  startup_stm32f40xx.o(.text)
    $v0                                      0x0800019c   Number         0  startup_stm32f40xx.o(.text)
    .text                                    0x080001c0   Section      176  context_rvds.o(.text)
    $v0                                      0x080001c0   Number         0  context_rvds.o(.text)
    .text                                    0x08000270   Section        0  strcpy.o(.text)
    .text                                    0x08000282   Section        0  uidiv.o(.text)
    .text                                    0x080002b0   Section       36  init.o(.text)
    i.BusFault_Handler                       0x080002d4   Section        0  stm32f4xx_it.o(i.BusFault_Handler)
    i.DebugMon_Handler                       0x080002d6   Section        0  stm32f4xx_it.o(i.DebugMon_Handler)
    i.Debug_USART_Config                     0x080002d8   Section        0  bsp_debug_usart.o(i.Debug_USART_Config)
    i.GPIO_Init                              0x08000380   Section        0  stm32f4xx_gpio.o(i.GPIO_Init)
    i.GPIO_PinAFConfig                       0x080003fc   Section        0  stm32f4xx_gpio.o(i.GPIO_PinAFConfig)
    i.HardFault_Handler                      0x0800041c   Section        0  stm32f4xx_it.o(i.HardFault_Handler)
    i.Key_GPIO_Config                        0x08000420   Section        0  bsp_key.o(i.Key_GPIO_Config)
    i.LED_GPIO_Config                        0x08000458   Section        0  bsp_led.o(i.LED_GPIO_Config)
    i.MemManage_Handler                      0x080004b0   Section        0  stm32f4xx_it.o(i.MemManage_Handler)
    i.NMI_Handler                            0x080004b2   Section        0  stm32f4xx_it.o(i.NMI_Handler)
    i.NVIC_Configuration                     0x080004b4   Section        0  bsp_debug_usart.o(i.NVIC_Configuration)
    NVIC_Configuration                       0x080004b5   Thumb Code    38  bsp_debug_usart.o(i.NVIC_Configuration)
    i.NVIC_Init                              0x080004dc   Section        0  misc.o(i.NVIC_Init)
    i.NVIC_PriorityGroupConfig               0x08000544   Section        0  misc.o(i.NVIC_PriorityGroupConfig)
    i.RCC_AHB1PeriphClockCmd                 0x08000558   Section        0  stm32f4xx_rcc.o(i.RCC_AHB1PeriphClockCmd)
    i.RCC_APB2PeriphClockCmd                 0x08000574   Section        0  stm32f4xx_rcc.o(i.RCC_APB2PeriphClockCmd)
    i.RCC_GetClocksFreq                      0x08000590   Section        0  stm32f4xx_rcc.o(i.RCC_GetClocksFreq)
    i.SVC_Handler                            0x08000634   Section        0  stm32f4xx_it.o(i.SVC_Handler)
    i.SetSysClock                            0x08000638   Section        0  system_stm32f4xx.o(i.SetSysClock)
    SetSysClock                              0x08000639   Thumb Code   168  system_stm32f4xx.o(i.SetSysClock)
    i.SysTick_Handler                        0x080006f0   Section        0  main.o(i.SysTick_Handler)
    i.SystemInit                             0x08000704   Section        0  system_stm32f4xx.o(i.SystemInit)
    i.USART1_IRQHandler                      0x08000760   Section        0  bsp_debug_usart.o(i.USART1_IRQHandler)
    i.USART_Cmd                              0x08000798   Section        0  stm32f4xx_usart.o(i.USART_Cmd)
    i.USART_GetFlagStatus                    0x080007b0   Section        0  stm32f4xx_usart.o(i.USART_GetFlagStatus)
    i.USART_GetITStatus                      0x080007be   Section        0  stm32f4xx_usart.o(i.USART_GetITStatus)
    i.USART_ITConfig                         0x080007fe   Section        0  stm32f4xx_usart.o(i.USART_ITConfig)
    i.USART_Init                             0x08000834   Section        0  stm32f4xx_usart.o(i.USART_Init)
    i.USART_ReceiveData                      0x080008f0   Section        0  stm32f4xx_usart.o(i.USART_ReceiveData)
    i.USART_SendData                         0x080008f8   Section        0  stm32f4xx_usart.o(i.USART_SendData)
    i.UsageFault_Handler                     0x08000900   Section        0  stm32f4xx_it.o(i.UsageFault_Handler)
    i.__0printf$6                            0x08000904   Section        0  printf6.o(i.__0printf$6)
    i.__gs_ffs                               0x08000924   Section        0  kservice.o(i.__gs_ffs)
    i.__scatterload_copy                     0x0800093c   Section       14  handlers.o(i.__scatterload_copy)
    i.__scatterload_null                     0x0800094a   Section        2  handlers.o(i.__scatterload_null)
    i.__scatterload_zeroinit                 0x0800094c   Section       14  handlers.o(i.__scatterload_zeroinit)
    i._gs_timer_init                         0x0800095a   Section        0  timer.o(i._gs_timer_init)
    _gs_timer_init                           0x0800095b   Thumb Code    40  timer.o(i._gs_timer_init)
    i._gs_timer_remove                       0x08000982   Section        0  timer.o(i._gs_timer_remove)
    _gs_timer_remove                         0x08000983   Thumb Code    34  timer.o(i._gs_timer_remove)
    i._printf_core                           0x080009a4   Section        0  printf6.o(i._printf_core)
    _printf_core                             0x080009a5   Thumb Code   748  printf6.o(i._printf_core)
    i._printf_post_padding                   0x08000c94   Section        0  printf6.o(i._printf_post_padding)
    _printf_post_padding                     0x08000c95   Thumb Code    36  printf6.o(i._printf_post_padding)
    i._printf_pre_padding                    0x08000cb8   Section        0  printf6.o(i._printf_pre_padding)
    _printf_pre_padding                      0x08000cb9   Thumb Code    46  printf6.o(i._printf_pre_padding)
    i.cmd_clear                              0x08000ce8   Section        0  cmd.o(i.cmd_clear)
    i.cmd_help                               0x08000d94   Section        0  cmd.o(i.cmd_help)
    i.cmd_list_add                           0x08000e70   Section        0  shell.o(i.cmd_list_add)
    i.cmd_ps                                 0x08000eac   Section        0  cmd.o(i.cmd_ps)
    i.cmd_reboot                             0x08000f90   Section        0  cmd.o(i.cmd_reboot)
    i.cmd_version                            0x08000f92   Section        0  cmd.o(i.cmd_version)
    i.flag1_thread_entry                     0x08000f98   Section        0  main.o(i.flag1_thread_entry)
    i.flag2_thread_entry                     0x08000fb4   Section        0  main.o(i.flag2_thread_entry)
    i.flag3_thread_entry                     0x08000fd0   Section        0  main.o(i.flag3_thread_entry)
    i.flag4_thread_entry                     0x08000fec   Section        0  main.o(i.flag4_thread_entry)
    i.flag5_thread_entry                     0x08000ff8   Section        0  main.o(i.flag5_thread_entry)
    i.flag6_thread_entry                     0x08001004   Section        0  main.o(i.flag6_thread_entry)
    i.fputc                                  0x08001010   Section        0  bsp_debug_usart.o(i.fputc)
    i.gs_hw_stack_init                       0x08001034   Section        0  cpuport.o(i.gs_hw_stack_init)
    i.gs_interrupt_enter                     0x08001070   Section        0  irq.o(i.gs_interrupt_enter)
    i.gs_interrupt_leave                     0x0800108c   Section        0  irq.o(i.gs_interrupt_leave)
    i.gs_list_insert_after                   0x080010a8   Section        0  timer.o(i.gs_list_insert_after)
    gs_list_insert_after                     0x080010a9   Thumb Code    14  timer.o(i.gs_list_insert_after)
    i.gs_list_remove                         0x080010b6   Section        0  thread.o(i.gs_list_remove)
    gs_list_remove                           0x080010b7   Thumb Code    18  thread.o(i.gs_list_remove)
    i.gs_mutex_create                        0x080010c8   Section        0  ipc.o(i.gs_mutex_create)
    i.gs_object_get_infomation               0x08001110   Section        0  object.o(i.gs_object_get_infomation)
    i.gs_object_init                         0x08001134   Section        0  object.o(i.gs_object_init)
    i.gs_ringbuffer_getchar                  0x08001172   Section        0  ringbuffer.o(i.gs_ringbuffer_getchar)
    i.gs_ringbuffer_init                     0x080011a4   Section        0  ringbuffer.o(i.gs_ringbuffer_init)
    i.gs_ringbuffer_isempty                  0x080011c4   Section        0  ringbuffer.o(i.gs_ringbuffer_isempty)
    i.gs_ringbuffer_putchar                  0x080011d8   Section        0  ringbuffer.o(i.gs_ringbuffer_putchar)
    i.gs_schedule                            0x08001208   Section        0  scheduler.o(i.gs_schedule)
    i.gs_schedule_insert_thread              0x08001254   Section        0  scheduler.o(i.gs_schedule_insert_thread)
    i.gs_schedule_remove_thread              0x08001298   Section        0  scheduler.o(i.gs_schedule_remove_thread)
    i.gs_sem_create                          0x080012ec   Section        0  ipc.o(i.gs_sem_create)
    i.gs_shell_init                          0x0800132c   Section        0  shell.o(i.gs_shell_init)
    i.gs_strncpy                             0x0800139c   Section        0  kservice.o(i.gs_strncpy)
    i.gs_system_scheduler_init               0x080013c4   Section        0  scheduler.o(i.gs_system_scheduler_init)
    i.gs_system_scheduler_start              0x080013ec   Section        0  scheduler.o(i.gs_system_scheduler_start)
    i.gs_system_timer_init                   0x08001414   Section        0  timer.o(i.gs_system_timer_init)
    i.gs_thread_all_init                     0x0800142c   Section        0  components.o(i.gs_thread_all_init)
    i.gs_thread_delay                        0x08001488   Section        0  thread.o(i.gs_thread_delay)
    i.gs_thread_delay_ms                     0x0800148c   Section        0  thread.o(i.gs_thread_delay_ms)
    i.gs_thread_idle_entry                   0x08001490   Section        0  idle.o(i.gs_thread_idle_entry)
    i.gs_thread_idle_init                    0x080014a0   Section        0  idle.o(i.gs_thread_idle_init)
    i.gs_thread_init                         0x080014e0   Section        0  thread.o(i.gs_thread_init)
    i.gs_thread_resume                       0x0800156c   Section        0  thread.o(i.gs_thread_resume)
    i.gs_thread_self                         0x080015a0   Section        0  thread.o(i.gs_thread_self)
    i.gs_thread_shell_entry                  0x080015ac   Section        0  shell.o(i.gs_thread_shell_entry)
    i.gs_thread_sleep                        0x080015e8   Section        0  thread.o(i.gs_thread_sleep)
    i.gs_thread_startup                      0x08001620   Section        0  thread.o(i.gs_thread_startup)
    i.gs_thread_suspend                      0x08001646   Section        0  thread.o(i.gs_thread_suspend)
    i.gs_thread_timeout                      0x08001680   Section        0  thread.o(i.gs_thread_timeout)
    i.gs_thread_yield                        0x080016a0   Section        0  thread.o(i.gs_thread_yield)
    i.gs_tick_get                            0x08001700   Section        0  clock.o(i.gs_tick_get)
    i.gs_tick_increase                       0x0800170c   Section        0  clock.o(i.gs_tick_increase)
    i.gs_timer_check                         0x08001738   Section        0  timer.o(i.gs_timer_check)
    i.gs_timer_control                       0x080017a8   Section        0  timer.o(i.gs_timer_control)
    i.gs_timer_init                          0x080017dc   Section        0  timer.o(i.gs_timer_init)
    i.gs_timer_start                         0x08001808   Section        0  timer.o(i.gs_timer_start)
    i.gs_timer_stop                          0x080018dc   Section        0  timer.o(i.gs_timer_stop)
    i.main                                   0x0800190c   Section        0  main.o(i.main)
    i.shell_getchar                          0x08001a7c   Section        0  shell.o(i.shell_getchar)
    i.show_version                           0x08001aa0   Section        0  kservice.o(i.show_version)
    i.system_cmd_init                        0x08001b4c   Section        0  shell.o(i.system_cmd_init)
    .data                                    0x20000000   Section       20  system_stm32f4xx.o(.data)
    .data                                    0x20000014   Section       16  stm32f4xx_rcc.o(.data)
    APBAHBPrescTable                         0x20000014   Data          16  stm32f4xx_rcc.o(.data)
    .data                                    0x20000024   Section        8  main.o(.data)
    sem                                      0x20000024   Data           4  main.o(.data)
    mutex                                    0x20000028   Data           4  main.o(.data)
    .data                                    0x2000002c   Section        4  cpuport.o(.data)
    .data                                    0x20000030   Section        4  cpuport.o(.data)
    .data                                    0x20000034   Section        4  cpuport.o(.data)
    .data                                    0x20000038   Section        4  clock.o(.data)
    gs_tick                                  0x20000038   Data           4  clock.o(.data)
    .data                                    0x2000003c   Section        4  idle.o(.data)
    .data                                    0x20000040   Section        1  irq.o(.data)
    .data                                    0x20000044   Section       64  object.o(.data)
    gs_object_container                      0x20000044   Data          64  object.o(.data)
    .data                                    0x20000084   Section       12  scheduler.o(.data)
    .data                                    0x20000090   Section       12  timer.o(.data)
    random_nr                                0x20000090   Data           4  timer.o(.data)
    gs_timer_list                            0x20000094   Data           8  timer.o(.data)
    .data                                    0x2000009c   Section        8  ipc.o(.data)
    .data                                    0x200000a4   Section        8  shell.o(.data)
    .data                                    0x200000ac   Section        4  cmd.o(.data)
    .data                                    0x200000b0   Section        4  stdout.o(.data)
    .bss                                     0x200000b4   Section     1464  main.o(.bss)
    .bss                                     0x2000066c   Section      628  idle.o(.bss)
    gs_thread_stack                          0x2000066c   Data         512  idle.o(.bss)
    .bss                                     0x200008e0   Section      256  scheduler.o(.bss)
    .bss                                     0x200009e0   Section     2600  ipc.o(.bss)
    .bss                                     0x20001408   Section     4528  shell.o(.bss)
    .bss                                     0x200025b8   Section      188  shell.o(.bss)
    .bss                                     0x20002674   Section      400  cmd.o(.bss)
    STACK                                    0x20002808   Section     1024  startup_stm32f40xx.o(STACK)

    Global Symbols

    Symbol Name                              Value     Ov Type        Size  Object(Section)

    BuildAttributes$$THM_ISAv4$E$P$D$K$B$S$7EM$VFPi3$EXTD16$VFPS$VFMA$PE$A:L22UL41UL21$X:L11$S22US41US21$IEEE1$IW$USESV6$~STKCKD$USESV7$~SHL$OSPACE$ROPI$EBA8$MICROLIB$REQ8$PRES8$EABIv2 0x00000000   Number         0  anon$$obj.o ABSOLUTE
    __ARM_use_no_argv                        0x00000000   Number         0  main.o ABSOLUTE
    _printf_a                                0x00000000   Number         0  stubs.o ABSOLUTE
    _printf_c                                0x00000000   Number         0  stubs.o ABSOLUTE
    _printf_charcount                        0x00000000   Number         0  stubs.o ABSOLUTE
    _printf_d                                0x00000000   Number         0  stubs.o ABSOLUTE
    _printf_e                                0x00000000   Number         0  stubs.o ABSOLUTE
    _printf_f                                0x00000000   Number         0  stubs.o ABSOLUTE
    _printf_flags                            0x00000000   Number         0  stubs.o ABSOLUTE
    _printf_fp_dec                           0x00000000   Number         0  stubs.o ABSOLUTE
    _printf_fp_hex                           0x00000000   Number         0  stubs.o ABSOLUTE
    _printf_g                                0x00000000   Number         0  stubs.o ABSOLUTE
    _printf_i                                0x00000000   Number         0  stubs.o ABSOLUTE
    _printf_int_dec                          0x00000000   Number         0  stubs.o ABSOLUTE
    _printf_l                                0x00000000   Number         0  stubs.o ABSOLUTE
    _printf_lc                               0x00000000   Number         0  stubs.o ABSOLUTE
    _printf_ll                               0x00000000   Number         0  stubs.o ABSOLUTE
    _printf_lld                              0x00000000   Number         0  stubs.o ABSOLUTE
    _printf_lli                              0x00000000   Number         0  stubs.o ABSOLUTE
    _printf_llo                              0x00000000   Number         0  stubs.o ABSOLUTE
    _printf_llu                              0x00000000   Number         0  stubs.o ABSOLUTE
    _printf_llx                              0x00000000   Number         0  stubs.o ABSOLUTE
    _printf_longlong_dec                     0x00000000   Number         0  stubs.o ABSOLUTE
    _printf_longlong_hex                     0x00000000   Number         0  stubs.o ABSOLUTE
    _printf_longlong_oct                     0x00000000   Number         0  stubs.o ABSOLUTE
    _printf_ls                               0x00000000   Number         0  stubs.o ABSOLUTE
    _printf_mbtowc                           0x00000000   Number         0  stubs.o ABSOLUTE
    _printf_n                                0x00000000   Number         0  stubs.o ABSOLUTE
    _printf_o                                0x00000000   Number         0  stubs.o ABSOLUTE
    _printf_p                                0x00000000   Number         0  stubs.o ABSOLUTE
    _printf_percent                          0x00000000   Number         0  stubs.o ABSOLUTE
    _printf_pre_padding                      0x00000000   Number         0  stubs.o ABSOLUTE
    _printf_return_value                     0x00000000   Number         0  stubs.o ABSOLUTE
    _printf_s                                0x00000000   Number         0  stubs.o ABSOLUTE
    _printf_sizespec                         0x00000000   Number         0  stubs.o ABSOLUTE
    _printf_str                              0x00000000   Number         0  stubs.o ABSOLUTE
    _printf_truncate_signed                  0x00000000   Number         0  stubs.o ABSOLUTE
    _printf_truncate_unsigned                0x00000000   Number         0  stubs.o ABSOLUTE
    _printf_u                                0x00000000   Number         0  stubs.o ABSOLUTE
    _printf_wc                               0x00000000   Number         0  stubs.o ABSOLUTE
    _printf_wctomb                           0x00000000   Number         0  stubs.o ABSOLUTE
    _printf_widthprec                        0x00000000   Number         0  stubs.o ABSOLUTE
    _printf_x                                0x00000000   Number         0  stubs.o ABSOLUTE
    __cpp_initialize__aeabi_                  - Undefined Weak Reference
    __cxa_finalize                            - Undefined Weak Reference
    __decompress                              - Undefined Weak Reference
    _clock_init                               - Undefined Weak Reference
    _microlib_exit                            - Undefined Weak Reference
    __Vectors_Size                           0x00000188   Number         0  startup_stm32f40xx.o ABSOLUTE
    __Vectors                                0x08000000   Data           4  startup_stm32f40xx.o(RESET)
    __Vectors_End                            0x08000188   Data           0  startup_stm32f40xx.o(RESET)
    __main                                   0x08000189   Thumb Code     0  entry.o(.ARM.Collect$$$$00000000)
    _main_stk                                0x08000189   Thumb Code     0  entry2.o(.ARM.Collect$$$$00000001)
    _main_scatterload                        0x0800018d   Thumb Code     0  entry5.o(.ARM.Collect$$$$00000004)
    __main_after_scatterload                 0x08000191   Thumb Code     0  entry5.o(.ARM.Collect$$$$00000004)
    _main_clock                              0x08000191   Thumb Code     0  entry7b.o(.ARM.Collect$$$$00000008)
    _main_cpp_init                           0x08000191   Thumb Code     0  entry8b.o(.ARM.Collect$$$$0000000A)
    _main_init                               0x08000191   Thumb Code     0  entry9a.o(.ARM.Collect$$$$0000000B)
    __rt_final_cpp                           0x08000199   Thumb Code     0  entry10a.o(.ARM.Collect$$$$0000000D)
    __rt_final_exit                          0x08000199   Thumb Code     0  entry11a.o(.ARM.Collect$$$$0000000F)
    Reset_Handler                            0x0800019d   Thumb Code     8  startup_stm32f40xx.o(.text)
    ADC_IRQHandler                           0x080001b7   Thumb Code     0  startup_stm32f40xx.o(.text)
    CAN1_RX0_IRQHandler                      0x080001b7   Thumb Code     0  startup_stm32f40xx.o(.text)
    CAN1_RX1_IRQHandler                      0x080001b7   Thumb Code     0  startup_stm32f40xx.o(.text)
    CAN1_SCE_IRQHandler                      0x080001b7   Thumb Code     0  startup_stm32f40xx.o(.text)
    CAN1_TX_IRQHandler                       0x080001b7   Thumb Code     0  startup_stm32f40xx.o(.text)
    CAN2_RX0_IRQHandler                      0x080001b7   Thumb Code     0  startup_stm32f40xx.o(.text)
    CAN2_RX1_IRQHandler                      0x080001b7   Thumb Code     0  startup_stm32f40xx.o(.text)
    CAN2_SCE_IRQHandler                      0x080001b7   Thumb Code     0  startup_stm32f40xx.o(.text)
    CAN2_TX_IRQHandler                       0x080001b7   Thumb Code     0  startup_stm32f40xx.o(.text)
    CRYP_IRQHandler                          0x080001b7   Thumb Code     0  startup_stm32f40xx.o(.text)
    DCMI_IRQHandler                          0x080001b7   Thumb Code     0  startup_stm32f40xx.o(.text)
    DMA1_Stream0_IRQHandler                  0x080001b7   Thumb Code     0  startup_stm32f40xx.o(.text)
    DMA1_Stream1_IRQHandler                  0x080001b7   Thumb Code     0  startup_stm32f40xx.o(.text)
    DMA1_Stream2_IRQHandler                  0x080001b7   Thumb Code     0  startup_stm32f40xx.o(.text)
    DMA1_Stream3_IRQHandler                  0x080001b7   Thumb Code     0  startup_stm32f40xx.o(.text)
    DMA1_Stream4_IRQHandler                  0x080001b7   Thumb Code     0  startup_stm32f40xx.o(.text)
    DMA1_Stream5_IRQHandler                  0x080001b7   Thumb Code     0  startup_stm32f40xx.o(.text)
    DMA1_Stream6_IRQHandler                  0x080001b7   Thumb Code     0  startup_stm32f40xx.o(.text)
    DMA1_Stream7_IRQHandler                  0x080001b7   Thumb Code     0  startup_stm32f40xx.o(.text)
    DMA2_Stream0_IRQHandler                  0x080001b7   Thumb Code     0  startup_stm32f40xx.o(.text)
    DMA2_Stream1_IRQHandler                  0x080001b7   Thumb Code     0  startup_stm32f40xx.o(.text)
    DMA2_Stream2_IRQHandler                  0x080001b7   Thumb Code     0  startup_stm32f40xx.o(.text)
    DMA2_Stream3_IRQHandler                  0x080001b7   Thumb Code     0  startup_stm32f40xx.o(.text)
    DMA2_Stream4_IRQHandler                  0x080001b7   Thumb Code     0  startup_stm32f40xx.o(.text)
    DMA2_Stream5_IRQHandler                  0x080001b7   Thumb Code     0  startup_stm32f40xx.o(.text)
    DMA2_Stream6_IRQHandler                  0x080001b7   Thumb Code     0  startup_stm32f40xx.o(.text)
    DMA2_Stream7_IRQHandler                  0x080001b7   Thumb Code     0  startup_stm32f40xx.o(.text)
    ETH_IRQHandler                           0x080001b7   Thumb Code     0  startup_stm32f40xx.o(.text)
    ETH_WKUP_IRQHandler                      0x080001b7   Thumb Code     0  startup_stm32f40xx.o(.text)
    EXTI0_IRQHandler                         0x080001b7   Thumb Code     0  startup_stm32f40xx.o(.text)
    EXTI15_10_IRQHandler                     0x080001b7   Thumb Code     0  startup_stm32f40xx.o(.text)
    EXTI1_IRQHandler                         0x080001b7   Thumb Code     0  startup_stm32f40xx.o(.text)
    EXTI2_IRQHandler                         0x080001b7   Thumb Code     0  startup_stm32f40xx.o(.text)
    EXTI3_IRQHandler                         0x080001b7   Thumb Code     0  startup_stm32f40xx.o(.text)
    EXTI4_IRQHandler                         0x080001b7   Thumb Code     0  startup_stm32f40xx.o(.text)
    EXTI9_5_IRQHandler                       0x080001b7   Thumb Code     0  startup_stm32f40xx.o(.text)
    FLASH_IRQHandler                         0x080001b7   Thumb Code     0  startup_stm32f40xx.o(.text)
    FPU_IRQHandler                           0x080001b7   Thumb Code     0  startup_stm32f40xx.o(.text)
    FSMC_IRQHandler                          0x080001b7   Thumb Code     0  startup_stm32f40xx.o(.text)
    HASH_RNG_IRQHandler                      0x080001b7   Thumb Code     0  startup_stm32f40xx.o(.text)
    I2C1_ER_IRQHandler                       0x080001b7   Thumb Code     0  startup_stm32f40xx.o(.text)
    I2C1_EV_IRQHandler                       0x080001b7   Thumb Code     0  startup_stm32f40xx.o(.text)
    I2C2_ER_IRQHandler                       0x080001b7   Thumb Code     0  startup_stm32f40xx.o(.text)
    I2C2_EV_IRQHandler                       0x080001b7   Thumb Code     0  startup_stm32f40xx.o(.text)
    I2C3_ER_IRQHandler                       0x080001b7   Thumb Code     0  startup_stm32f40xx.o(.text)
    I2C3_EV_IRQHandler                       0x080001b7   Thumb Code     0  startup_stm32f40xx.o(.text)
    OTG_FS_IRQHandler                        0x080001b7   Thumb Code     0  startup_stm32f40xx.o(.text)
    OTG_FS_WKUP_IRQHandler                   0x080001b7   Thumb Code     0  startup_stm32f40xx.o(.text)
    OTG_HS_EP1_IN_IRQHandler                 0x080001b7   Thumb Code     0  startup_stm32f40xx.o(.text)
    OTG_HS_EP1_OUT_IRQHandler                0x080001b7   Thumb Code     0  startup_stm32f40xx.o(.text)
    OTG_HS_IRQHandler                        0x080001b7   Thumb Code     0  startup_stm32f40xx.o(.text)
    OTG_HS_WKUP_IRQHandler                   0x080001b7   Thumb Code     0  startup_stm32f40xx.o(.text)
    PVD_IRQHandler                           0x080001b7   Thumb Code     0  startup_stm32f40xx.o(.text)
    RCC_IRQHandler                           0x080001b7   Thumb Code     0  startup_stm32f40xx.o(.text)
    RTC_Alarm_IRQHandler                     0x080001b7   Thumb Code     0  startup_stm32f40xx.o(.text)
    RTC_WKUP_IRQHandler                      0x080001b7   Thumb Code     0  startup_stm32f40xx.o(.text)
    SDIO_IRQHandler                          0x080001b7   Thumb Code     0  startup_stm32f40xx.o(.text)
    SPI1_IRQHandler                          0x080001b7   Thumb Code     0  startup_stm32f40xx.o(.text)
    SPI2_IRQHandler                          0x080001b7   Thumb Code     0  startup_stm32f40xx.o(.text)
    SPI3_IRQHandler                          0x080001b7   Thumb Code     0  startup_stm32f40xx.o(.text)
    TAMP_STAMP_IRQHandler                    0x080001b7   Thumb Code     0  startup_stm32f40xx.o(.text)
    TIM1_BRK_TIM9_IRQHandler                 0x080001b7   Thumb Code     0  startup_stm32f40xx.o(.text)
    TIM1_CC_IRQHandler                       0x080001b7   Thumb Code     0  startup_stm32f40xx.o(.text)
    TIM1_TRG_COM_TIM11_IRQHandler            0x080001b7   Thumb Code     0  startup_stm32f40xx.o(.text)
    TIM1_UP_TIM10_IRQHandler                 0x080001b7   Thumb Code     0  startup_stm32f40xx.o(.text)
    TIM2_IRQHandler                          0x080001b7   Thumb Code     0  startup_stm32f40xx.o(.text)
    TIM3_IRQHandler                          0x080001b7   Thumb Code     0  startup_stm32f40xx.o(.text)
    TIM4_IRQHandler                          0x080001b7   Thumb Code     0  startup_stm32f40xx.o(.text)
    TIM5_IRQHandler                          0x080001b7   Thumb Code     0  startup_stm32f40xx.o(.text)
    TIM6_DAC_IRQHandler                      0x080001b7   Thumb Code     0  startup_stm32f40xx.o(.text)
    TIM7_IRQHandler                          0x080001b7   Thumb Code     0  startup_stm32f40xx.o(.text)
    TIM8_BRK_TIM12_IRQHandler                0x080001b7   Thumb Code     0  startup_stm32f40xx.o(.text)
    TIM8_CC_IRQHandler                       0x080001b7   Thumb Code     0  startup_stm32f40xx.o(.text)
    TIM8_TRG_COM_TIM14_IRQHandler            0x080001b7   Thumb Code     0  startup_stm32f40xx.o(.text)
    TIM8_UP_TIM13_IRQHandler                 0x080001b7   Thumb Code     0  startup_stm32f40xx.o(.text)
    UART4_IRQHandler                         0x080001b7   Thumb Code     0  startup_stm32f40xx.o(.text)
    UART5_IRQHandler                         0x080001b7   Thumb Code     0  startup_stm32f40xx.o(.text)
    USART2_IRQHandler                        0x080001b7   Thumb Code     0  startup_stm32f40xx.o(.text)
    USART3_IRQHandler                        0x080001b7   Thumb Code     0  startup_stm32f40xx.o(.text)
    USART6_IRQHandler                        0x080001b7   Thumb Code     0  startup_stm32f40xx.o(.text)
    WWDG_IRQHandler                          0x080001b7   Thumb Code     0  startup_stm32f40xx.o(.text)
    gs_hw_interrupt_disable                  0x080001c1   Thumb Code     8  context_rvds.o(.text)
    gs_hw_interrupt_enable                   0x080001c9   Thumb Code     6  context_rvds.o(.text)
    gs_hw_context_switch_first               0x080001cf   Thumb Code    48  context_rvds.o(.text)
    gs_hw_context_switch                     0x080001ff   Thumb Code    32  context_rvds.o(.text)
    PendSV_Handler                           0x0800021f   Thumb Code    60  context_rvds.o(.text)
    strcpy                                   0x08000271   Thumb Code    18  strcpy.o(.text)
    __aeabi_uidiv                            0x08000283   Thumb Code     0  uidiv.o(.text)
    __aeabi_uidivmod                         0x08000283   Thumb Code    44  uidiv.o(.text)
    __scatterload                            0x080002b1   Thumb Code    28  init.o(.text)
    __scatterload_rt2                        0x080002b1   Thumb Code     0  init.o(.text)
    BusFault_Handler                         0x080002d5   Thumb Code     2  stm32f4xx_it.o(i.BusFault_Handler)
    DebugMon_Handler                         0x080002d7   Thumb Code     2  stm32f4xx_it.o(i.DebugMon_Handler)
    Debug_USART_Config                       0x080002d9   Thumb Code   158  bsp_debug_usart.o(i.Debug_USART_Config)
    GPIO_Init                                0x08000381   Thumb Code   124  stm32f4xx_gpio.o(i.GPIO_Init)
    GPIO_PinAFConfig                         0x080003fd   Thumb Code    32  stm32f4xx_gpio.o(i.GPIO_PinAFConfig)
    HardFault_Handler                        0x0800041d   Thumb Code     2  stm32f4xx_it.o(i.HardFault_Handler)
    Key_GPIO_Config                          0x08000421   Thumb Code    48  bsp_key.o(i.Key_GPIO_Config)
    LED_GPIO_Config                          0x08000459   Thumb Code    84  bsp_led.o(i.LED_GPIO_Config)
    MemManage_Handler                        0x080004b1   Thumb Code     2  stm32f4xx_it.o(i.MemManage_Handler)
    NMI_Handler                              0x080004b3   Thumb Code     2  stm32f4xx_it.o(i.NMI_Handler)
    NVIC_Init                                0x080004dd   Thumb Code    98  misc.o(i.NVIC_Init)
    NVIC_PriorityGroupConfig                 0x08000545   Thumb Code    10  misc.o(i.NVIC_PriorityGroupConfig)
    RCC_AHB1PeriphClockCmd                   0x08000559   Thumb Code    22  stm32f4xx_rcc.o(i.RCC_AHB1PeriphClockCmd)
    RCC_APB2PeriphClockCmd                   0x08000575   Thumb Code    22  stm32f4xx_rcc.o(i.RCC_APB2PeriphClockCmd)
    RCC_GetClocksFreq                        0x08000591   Thumb Code   148  stm32f4xx_rcc.o(i.RCC_GetClocksFreq)
    SVC_Handler                              0x08000635   Thumb Code     2  stm32f4xx_it.o(i.SVC_Handler)
    SysTick_Handler                          0x080006f1   Thumb Code    18  main.o(i.SysTick_Handler)
    SystemInit                               0x08000705   Thumb Code    74  system_stm32f4xx.o(i.SystemInit)
    USART1_IRQHandler                        0x08000761   Thumb Code    48  bsp_debug_usart.o(i.USART1_IRQHandler)
    USART_Cmd                                0x08000799   Thumb Code    24  stm32f4xx_usart.o(i.USART_Cmd)
    USART_GetFlagStatus                      0x080007b1   Thumb Code    14  stm32f4xx_usart.o(i.USART_GetFlagStatus)
    USART_GetITStatus                        0x080007bf   Thumb Code    64  stm32f4xx_usart.o(i.USART_GetITStatus)
    USART_ITConfig                           0x080007ff   Thumb Code    54  stm32f4xx_usart.o(i.USART_ITConfig)
    USART_Init                               0x08000835   Thumb Code   180  stm32f4xx_usart.o(i.USART_Init)
    USART_ReceiveData                        0x080008f1   Thumb Code     8  stm32f4xx_usart.o(i.USART_ReceiveData)
    USART_SendData                           0x080008f9   Thumb Code     8  stm32f4xx_usart.o(i.USART_SendData)
    UsageFault_Handler                       0x08000901   Thumb Code     2  stm32f4xx_it.o(i.UsageFault_Handler)
    __0printf$6                              0x08000905   Thumb Code    22  printf6.o(i.__0printf$6)
    __1printf$6                              0x08000905   Thumb Code     0  printf6.o(i.__0printf$6)
    __2printf                                0x08000905   Thumb Code     0  printf6.o(i.__0printf$6)
    __gs_ffs                                 0x08000925   Thumb Code    24  kservice.o(i.__gs_ffs)
    __scatterload_copy                       0x0800093d   Thumb Code    14  handlers.o(i.__scatterload_copy)
    __scatterload_null                       0x0800094b   Thumb Code     2  handlers.o(i.__scatterload_null)
    __scatterload_zeroinit                   0x0800094d   Thumb Code    14  handlers.o(i.__scatterload_zeroinit)
    cmd_clear                                0x08000ce9   Thumb Code   126  cmd.o(i.cmd_clear)
    cmd_help                                 0x08000d95   Thumb Code    30  cmd.o(i.cmd_help)
    cmd_list_add                             0x08000e71   Thumb Code    52  shell.o(i.cmd_list_add)
    cmd_ps                                   0x08000ead   Thumb Code   112  cmd.o(i.cmd_ps)
    cmd_reboot                               0x08000f91   Thumb Code     2  cmd.o(i.cmd_reboot)
    cmd_version                              0x08000f93   Thumb Code     4  cmd.o(i.cmd_version)
    flag1_thread_entry                       0x08000f99   Thumb Code    22  main.o(i.flag1_thread_entry)
    flag2_thread_entry                       0x08000fb5   Thumb Code    22  main.o(i.flag2_thread_entry)
    flag3_thread_entry                       0x08000fd1   Thumb Code    22  main.o(i.flag3_thread_entry)
    flag4_thread_entry                       0x08000fed   Thumb Code    12  main.o(i.flag4_thread_entry)
    flag5_thread_entry                       0x08000ff9   Thumb Code    12  main.o(i.flag5_thread_entry)
    flag6_thread_entry                       0x08001005   Thumb Code    12  main.o(i.flag6_thread_entry)
    fputc                                    0x08001011   Thumb Code    30  bsp_debug_usart.o(i.fputc)
    gs_hw_stack_init                         0x08001035   Thumb Code    56  cpuport.o(i.gs_hw_stack_init)
    gs_interrupt_enter                       0x08001071   Thumb Code    22  irq.o(i.gs_interrupt_enter)
    gs_interrupt_leave                       0x0800108d   Thumb Code    22  irq.o(i.gs_interrupt_leave)
    gs_mutex_create                          0x080010c9   Thumb Code    62  ipc.o(i.gs_mutex_create)
    gs_object_get_infomation                 0x08001111   Thumb Code    30  object.o(i.gs_object_get_infomation)
    gs_object_init                           0x08001135   Thumb Code    62  object.o(i.gs_object_init)
    gs_ringbuffer_getchar                    0x08001173   Thumb Code    50  ringbuffer.o(i.gs_ringbuffer_getchar)
    gs_ringbuffer_init                       0x080011a5   Thumb Code    32  ringbuffer.o(i.gs_ringbuffer_init)
    gs_ringbuffer_isempty                    0x080011c5   Thumb Code    20  ringbuffer.o(i.gs_ringbuffer_isempty)
    gs_ringbuffer_putchar                    0x080011d9   Thumb Code    48  ringbuffer.o(i.gs_ringbuffer_putchar)
    gs_schedule                              0x08001209   Thumb Code    66  scheduler.o(i.gs_schedule)
    gs_schedule_insert_thread                0x08001255   Thumb Code    58  scheduler.o(i.gs_schedule_insert_thread)
    gs_schedule_remove_thread                0x08001299   Thumb Code    74  scheduler.o(i.gs_schedule_remove_thread)
    gs_sem_create                            0x080012ed   Thumb Code    56  ipc.o(i.gs_sem_create)
    gs_shell_init                            0x0800132d   Thumb Code    68  shell.o(i.gs_shell_init)
    gs_strncpy                               0x0800139d   Thumb Code    38  kservice.o(i.gs_strncpy)
    gs_system_scheduler_init                 0x080013c5   Thumb Code    32  scheduler.o(i.gs_system_scheduler_init)
    gs_system_scheduler_start                0x080013ed   Thumb Code    32  scheduler.o(i.gs_system_scheduler_start)
    gs_system_timer_init                     0x08001415   Thumb Code    20  timer.o(i.gs_system_timer_init)
    gs_thread_all_init                       0x0800142d   Thumb Code    82  components.o(i.gs_thread_all_init)
    gs_thread_delay                          0x08001489   Thumb Code     4  thread.o(i.gs_thread_delay)
    gs_thread_delay_ms                       0x0800148d   Thumb Code     4  thread.o(i.gs_thread_delay_ms)
    gs_thread_idle_entry                     0x08001491   Thumb Code    10  idle.o(i.gs_thread_idle_entry)
    gs_thread_idle_init                      0x080014a1   Thumb Code    42  idle.o(i.gs_thread_idle_init)
    gs_thread_init                           0x080014e1   Thumb Code   126  thread.o(i.gs_thread_init)
    gs_thread_resume                         0x0800156d   Thumb Code    52  thread.o(i.gs_thread_resume)
    gs_thread_self                           0x080015a1   Thumb Code     6  thread.o(i.gs_thread_self)
    gs_thread_shell_entry                    0x080015ad   Thumb Code    40  shell.o(i.gs_thread_shell_entry)
    gs_thread_sleep                          0x080015e9   Thumb Code    52  thread.o(i.gs_thread_sleep)
    gs_thread_startup                        0x08001621   Thumb Code    38  thread.o(i.gs_thread_startup)
    gs_thread_suspend                        0x08001647   Thumb Code    58  thread.o(i.gs_thread_suspend)
    gs_thread_timeout                        0x08001681   Thumb Code    32  thread.o(i.gs_thread_timeout)
    gs_thread_yield                          0x080016a1   Thumb Code    88  thread.o(i.gs_thread_yield)
    gs_tick_get                              0x08001701   Thumb Code     6  clock.o(i.gs_tick_get)
    gs_tick_increase                         0x0800170d   Thumb Code    38  clock.o(i.gs_tick_increase)
    gs_timer_check                           0x08001739   Thumb Code   106  timer.o(i.gs_timer_check)
    gs_timer_control                         0x080017a9   Thumb Code    52  timer.o(i.gs_timer_control)
    gs_timer_init                            0x080017dd   Thumb Code    42  timer.o(i.gs_timer_init)
    gs_timer_start                           0x08001809   Thumb Code   206  timer.o(i.gs_timer_start)
    gs_timer_stop                            0x080018dd   Thumb Code    46  timer.o(i.gs_timer_stop)
    main                                     0x0800190d   Thumb Code   238  main.o(i.main)
    shell_getchar                            0x08001a7d   Thumb Code    30  shell.o(i.shell_getchar)
    show_version                             0x08001aa1   Thumb Code    42  kservice.o(i.show_version)
    system_cmd_init                          0x08001b4d   Thumb Code    66  shell.o(i.system_cmd_init)
    Region$$Table$$Base                      0x08001bc8   Number         0  anon$$obj.o(Region$$Table)
    Region$$Table$$Limit                     0x08001be8   Number         0  anon$$obj.o(Region$$Table)
    SystemCoreClock                          0x20000000   Data           4  system_stm32f4xx.o(.data)
    AHBPrescTable                            0x20000004   Data          16  system_stm32f4xx.o(.data)
    gs_interrupt_from_thread                 0x2000002c   Data           4  cpuport.o(.data)
    gs_interrupt_to_thread                   0x20000030   Data           4  cpuport.o(.data)
    gs_thread_switch_interrupt_flag          0x20000034   Data           4  cpuport.o(.data)
    gs_idletask_ctr                          0x2000003c   Data           4  idle.o(.data)
    gs_interrupt_nest                        0x20000040   Data           1  irq.o(.data)
    gs_current_thread_priority               0x20000084   Data           1  scheduler.o(.data)
    gs_current_thread                        0x20000088   Data           4  scheduler.o(.data)
    gs_thread_ready_priority_group           0x2000008c   Data           4  scheduler.o(.data)
    sem_index                                0x2000009c   Data           4  ipc.o(.data)
    mutex_index                              0x200000a0   Data           4  ipc.o(.data)
    current_cmd_num                          0x200000a4   Data           4  shell.o(.data)
    shell                                    0x200000a8   Data           4  shell.o(.data)
    thread_cnt                               0x200000ac   Data           4  cmd.o(.data)
    __stdout                                 0x200000b0   Data           4  stdout.o(.data)
    gs_thread_flag1                          0x200000b4   Data         116  main.o(.bss)
    gs_thread_flag2                          0x20000128   Data         116  main.o(.bss)
    gs_thread_flag3                          0x2000019c   Data         116  main.o(.bss)
    gs_thread_flag4                          0x20000210   Data         116  main.o(.bss)
    gs_thread_flag5                          0x20000284   Data         116  main.o(.bss)
    gs_thread_flag6                          0x200002f8   Data         116  main.o(.bss)
    gs_flag1_thread_stack                    0x2000036c   Data         128  main.o(.bss)
    gs_flag2_thread_stack                    0x200003ec   Data         128  main.o(.bss)
    gs_flag3_thread_stack                    0x2000046c   Data         128  main.o(.bss)
    gs_flag4_thread_stack                    0x200004ec   Data         128  main.o(.bss)
    gs_flag5_thread_stack                    0x2000056c   Data         128  main.o(.bss)
    gs_flag6_thread_stack                    0x200005ec   Data         128  main.o(.bss)
    idle                                     0x2000086c   Data         116  idle.o(.bss)
    gs_thread_priority_table                 0x200008e0   Data         256  scheduler.o(.bss)
    semaphore                                0x200009e0   Data        1200  ipc.o(.bss)
    mutexs                                   0x20000e90   Data        1400  ipc.o(.bss)
    cmd_table                                0x20001408   Data        3200  shell.o(.bss)
    shell_ringbuffer                         0x20002088   Data          12  shell.o(.bss)
    ringbuffer                               0x20002094   Data         200  shell.o(.bss)
    gs_shell_thread                          0x2000215c   Data         116  shell.o(.bss)
    gs_shell_thread_stack                    0x200021d0   Data        1000  shell.o(.bss)
    my_shell                                 0x200025b8   Data         188  shell.o(.bss)
    thread_array                             0x20002674   Data         400  cmd.o(.bss)
    __initial_sp                             0x20002c08   Data           0  startup_stm32f40xx.o(STACK)



==============================================================================

Memory Map of the image

  Image Entry point : 0x08000189

  Load Region LR_IROM1 (Base: 0x08000000, Size: 0x00001c9c, Max: 0x00100000, ABSOLUTE)

    Execution Region ER_IROM1 (Exec base: 0x08000000, Load base: 0x08000000, Size: 0x00001be8, Max: 0x00100000, ABSOLUTE)

    Exec Addr    Load Addr    Size         Type   Attr      Idx    E Section Name        Object

    0x08000000   0x08000000   0x00000188   Data   RO            3    RESET               startup_stm32f40xx.o
    0x08000188   0x08000188   0x00000000   Code   RO         5817  * .ARM.Collect$$$$00000000  mc_w.l(entry.o)
    0x08000188   0x08000188   0x00000004   Code   RO         6083    .ARM.Collect$$$$00000001  mc_w.l(entry2.o)
    0x0800018c   0x0800018c   0x00000004   Code   RO         6086    .ARM.Collect$$$$00000004  mc_w.l(entry5.o)
    0x08000190   0x08000190   0x00000000   Code   RO         6088    .ARM.Collect$$$$00000008  mc_w.l(entry7b.o)
    0x08000190   0x08000190   0x00000000   Code   RO         6090    .ARM.Collect$$$$0000000A  mc_w.l(entry8b.o)
    0x08000190   0x08000190   0x00000008   Code   RO         6091    .ARM.Collect$$$$0000000B  mc_w.l(entry9a.o)
    0x08000198   0x08000198   0x00000000   Code   RO         6093    .ARM.Collect$$$$0000000D  mc_w.l(entry10a.o)
    0x08000198   0x08000198   0x00000000   Code   RO         6095    .ARM.Collect$$$$0000000F  mc_w.l(entry11a.o)
    0x08000198   0x08000198   0x00000004   Code   RO         6084    .ARM.Collect$$$$00002712  mc_w.l(entry2.o)
    0x0800019c   0x0800019c   0x00000024   Code   RO            4    .text               startup_stm32f40xx.o
    0x080001c0   0x080001c0   0x000000b0   Code   RO         5002    .text               context_rvds.o
    0x08000270   0x08000270   0x00000012   Code   RO         5820    .text               mc_w.l(strcpy.o)
    0x08000282   0x08000282   0x0000002c   Code   RO         6098    .text               mc_w.l(uidiv.o)
    0x080002ae   0x080002ae   0x00000002   PAD
    0x080002b0   0x080002b0   0x00000024   Code   RO         6113    .text               mc_w.l(init.o)
    0x080002d4   0x080002d4   0x00000002   Code   RO         4873    i.BusFault_Handler  stm32f4xx_it.o
    0x080002d6   0x080002d6   0x00000002   Code   RO         4874    i.DebugMon_Handler  stm32f4xx_it.o
    0x080002d8   0x080002d8   0x000000a8   Code   RO         4936    i.Debug_USART_Config  bsp_debug_usart.o
    0x08000380   0x08000380   0x0000007c   Code   RO         1857    i.GPIO_Init         stm32f4xx_gpio.o
    0x080003fc   0x080003fc   0x00000020   Code   RO         1858    i.GPIO_PinAFConfig  stm32f4xx_gpio.o
    0x0800041c   0x0800041c   0x00000002   Code   RO         4875    i.HardFault_Handler  stm32f4xx_it.o
    0x0800041e   0x0800041e   0x00000002   PAD
    0x08000420   0x08000420   0x00000038   Code   RO         5785    i.Key_GPIO_Config   bsp_key.o
    0x08000458   0x08000458   0x00000058   Code   RO         5760    i.LED_GPIO_Config   bsp_led.o
    0x080004b0   0x080004b0   0x00000002   Code   RO         4876    i.MemManage_Handler  stm32f4xx_it.o
    0x080004b2   0x080004b2   0x00000002   Code   RO         4877    i.NMI_Handler       stm32f4xx_it.o
    0x080004b4   0x080004b4   0x00000026   Code   RO         4937    i.NVIC_Configuration  bsp_debug_usart.o
    0x080004da   0x080004da   0x00000002   PAD
    0x080004dc   0x080004dc   0x00000068   Code   RO          155    i.NVIC_Init         misc.o
    0x08000544   0x08000544   0x00000014   Code   RO          156    i.NVIC_PriorityGroupConfig  misc.o
    0x08000558   0x08000558   0x0000001c   Code   RO         2561    i.RCC_AHB1PeriphClockCmd  stm32f4xx_rcc.o
    0x08000574   0x08000574   0x0000001c   Code   RO         2573    i.RCC_APB2PeriphClockCmd  stm32f4xx_rcc.o
    0x08000590   0x08000590   0x000000a4   Code   RO         2582    i.RCC_GetClocksFreq  stm32f4xx_rcc.o
    0x08000634   0x08000634   0x00000002   Code   RO         4878    i.SVC_Handler       stm32f4xx_it.o
    0x08000636   0x08000636   0x00000002   PAD
    0x08000638   0x08000638   0x000000b8   Code   RO           13    i.SetSysClock       system_stm32f4xx.o
    0x080006f0   0x080006f0   0x00000012   Code   RO         4765    i.SysTick_Handler   main.o
    0x08000702   0x08000702   0x00000002   PAD
    0x08000704   0x08000704   0x0000005c   Code   RO           15    i.SystemInit        system_stm32f4xx.o
    0x08000760   0x08000760   0x00000038   Code   RO         4938    i.USART1_IRQHandler  bsp_debug_usart.o
    0x08000798   0x08000798   0x00000018   Code   RO         4511    i.USART_Cmd         stm32f4xx_usart.o
    0x080007b0   0x080007b0   0x0000000e   Code   RO         4514    i.USART_GetFlagStatus  stm32f4xx_usart.o
    0x080007be   0x080007be   0x00000040   Code   RO         4515    i.USART_GetITStatus  stm32f4xx_usart.o
    0x080007fe   0x080007fe   0x00000036   Code   RO         4517    i.USART_ITConfig    stm32f4xx_usart.o
    0x08000834   0x08000834   0x000000bc   Code   RO         4518    i.USART_Init        stm32f4xx_usart.o
    0x080008f0   0x080008f0   0x00000008   Code   RO         4525    i.USART_ReceiveData  stm32f4xx_usart.o
    0x080008f8   0x080008f8   0x00000008   Code   RO         4528    i.USART_SendData    stm32f4xx_usart.o
    0x08000900   0x08000900   0x00000002   Code   RO         4879    i.UsageFault_Handler  stm32f4xx_it.o
    0x08000902   0x08000902   0x00000002   PAD
    0x08000904   0x08000904   0x00000020   Code   RO         5977    i.__0printf$6       mc_w.l(printf6.o)
    0x08000924   0x08000924   0x00000018   Code   RO         5142    i.__gs_ffs          kservice.o
    0x0800093c   0x0800093c   0x0000000e   Code   RO         6125    i.__scatterload_copy  mc_w.l(handlers.o)
    0x0800094a   0x0800094a   0x00000002   Code   RO         6126    i.__scatterload_null  mc_w.l(handlers.o)
    0x0800094c   0x0800094c   0x0000000e   Code   RO         6127    i.__scatterload_zeroinit  mc_w.l(handlers.o)
    0x0800095a   0x0800095a   0x00000028   Code   RO         5390    i._gs_timer_init    timer.o
    0x08000982   0x08000982   0x00000022   Code   RO         5391    i._gs_timer_remove  timer.o
    0x080009a4   0x080009a4   0x000002f0   Code   RO         5984    i._printf_core      mc_w.l(printf6.o)
    0x08000c94   0x08000c94   0x00000024   Code   RO         5985    i._printf_post_padding  mc_w.l(printf6.o)
    0x08000cb8   0x08000cb8   0x0000002e   Code   RO         5986    i._printf_pre_padding  mc_w.l(printf6.o)
    0x08000ce6   0x08000ce6   0x00000002   PAD
    0x08000ce8   0x08000ce8   0x000000ac   Code   RO         5666    i.cmd_clear         cmd.o
    0x08000d94   0x08000d94   0x000000dc   Code   RO         5667    i.cmd_help          cmd.o
    0x08000e70   0x08000e70   0x0000003c   Code   RO         5595    i.cmd_list_add      shell.o
    0x08000eac   0x08000eac   0x000000e4   Code   RO         5668    i.cmd_ps            cmd.o
    0x08000f90   0x08000f90   0x00000002   Code   RO         5669    i.cmd_reboot        cmd.o
    0x08000f92   0x08000f92   0x00000004   Code   RO         5670    i.cmd_version       cmd.o
    0x08000f96   0x08000f96   0x00000002   PAD
    0x08000f98   0x08000f98   0x0000001c   Code   RO         4767    i.flag1_thread_entry  main.o
    0x08000fb4   0x08000fb4   0x0000001c   Code   RO         4768    i.flag2_thread_entry  main.o
    0x08000fd0   0x08000fd0   0x0000001c   Code   RO         4769    i.flag3_thread_entry  main.o
    0x08000fec   0x08000fec   0x0000000c   Code   RO         4770    i.flag4_thread_entry  main.o
    0x08000ff8   0x08000ff8   0x0000000c   Code   RO         4771    i.flag5_thread_entry  main.o
    0x08001004   0x08001004   0x0000000c   Code   RO         4772    i.flag6_thread_entry  main.o
    0x08001010   0x08001010   0x00000024   Code   RO         4943    i.fputc             bsp_debug_usart.o
    0x08001034   0x08001034   0x0000003c   Code   RO         5009    i.gs_hw_stack_init  cpuport.o
    0x08001070   0x08001070   0x0000001c   Code   RO         5109    i.gs_interrupt_enter  irq.o
    0x0800108c   0x0800108c   0x0000001c   Code   RO         5110    i.gs_interrupt_leave  irq.o
    0x080010a8   0x080010a8   0x0000000e   Code   RO         5392    i.gs_list_insert_after  timer.o
    0x080010b6   0x080010b6   0x00000012   Code   RO         5291    i.gs_list_remove    thread.o
    0x080010c8   0x080010c8   0x00000048   Code   RO         5500    i.gs_mutex_create   ipc.o
    0x08001110   0x08001110   0x00000024   Code   RO         5199    i.gs_object_get_infomation  object.o
    0x08001134   0x08001134   0x0000003e   Code   RO         5200    i.gs_object_init    object.o
    0x08001172   0x08001172   0x00000032   Code   RO         5718    i.gs_ringbuffer_getchar  ringbuffer.o
    0x080011a4   0x080011a4   0x00000020   Code   RO         5719    i.gs_ringbuffer_init  ringbuffer.o
    0x080011c4   0x080011c4   0x00000014   Code   RO         5720    i.gs_ringbuffer_isempty  ringbuffer.o
    0x080011d8   0x080011d8   0x00000030   Code   RO         5721    i.gs_ringbuffer_putchar  ringbuffer.o
    0x08001208   0x08001208   0x0000004c   Code   RO         5234    i.gs_schedule       scheduler.o
    0x08001254   0x08001254   0x00000044   Code   RO         5235    i.gs_schedule_insert_thread  scheduler.o
    0x08001298   0x08001298   0x00000054   Code   RO         5236    i.gs_schedule_remove_thread  scheduler.o
    0x080012ec   0x080012ec   0x00000040   Code   RO         5504    i.gs_sem_create     ipc.o
    0x0800132c   0x0800132c   0x00000070   Code   RO         5596    i.gs_shell_init     shell.o
    0x0800139c   0x0800139c   0x00000026   Code   RO         5146    i.gs_strncpy        kservice.o
    0x080013c2   0x080013c2   0x00000002   PAD
    0x080013c4   0x080013c4   0x00000028   Code   RO         5237    i.gs_system_scheduler_init  scheduler.o
    0x080013ec   0x080013ec   0x00000028   Code   RO         5238    i.gs_system_scheduler_start  scheduler.o
    0x08001414   0x08001414   0x00000018   Code   RO         5393    i.gs_system_timer_init  timer.o
    0x0800142c   0x0800142c   0x0000005c   Code   RO         5464    i.gs_thread_all_init  components.o
    0x08001488   0x08001488   0x00000004   Code   RO         5293    i.gs_thread_delay   thread.o
    0x0800148c   0x0800148c   0x00000004   Code   RO         5294    i.gs_thread_delay_ms  thread.o
    0x08001490   0x08001490   0x00000010   Code   RO         5074    i.gs_thread_idle_entry  idle.o
    0x080014a0   0x080014a0   0x00000040   Code   RO         5075    i.gs_thread_idle_init  idle.o
    0x080014e0   0x080014e0   0x0000008c   Code   RO         5296    i.gs_thread_init    thread.o
    0x0800156c   0x0800156c   0x00000034   Code   RO         5297    i.gs_thread_resume  thread.o
    0x080015a0   0x080015a0   0x0000000c   Code   RO         5298    i.gs_thread_self    thread.o
    0x080015ac   0x080015ac   0x0000003c   Code   RO         5597    i.gs_thread_shell_entry  shell.o
    0x080015e8   0x080015e8   0x00000038   Code   RO         5299    i.gs_thread_sleep   thread.o
    0x08001620   0x08001620   0x00000026   Code   RO         5300    i.gs_thread_startup  thread.o
    0x08001646   0x08001646   0x0000003a   Code   RO         5301    i.gs_thread_suspend  thread.o
    0x08001680   0x08001680   0x00000020   Code   RO         5302    i.gs_thread_timeout  thread.o
    0x080016a0   0x080016a0   0x00000060   Code   RO         5303    i.gs_thread_yield   thread.o
    0x08001700   0x08001700   0x0000000c   Code   RO         5038    i.gs_tick_get       clock.o
    0x0800170c   0x0800170c   0x0000002c   Code   RO         5039    i.gs_tick_increase  clock.o
    0x08001738   0x08001738   0x00000070   Code   RO         5394    i.gs_timer_check    timer.o
    0x080017a8   0x080017a8   0x00000034   Code   RO         5395    i.gs_timer_control  timer.o
    0x080017dc   0x080017dc   0x0000002a   Code   RO         5396    i.gs_timer_init     timer.o
    0x08001806   0x08001806   0x00000002   PAD
    0x08001808   0x08001808   0x000000d4   Code   RO         5397    i.gs_timer_start    timer.o
    0x080018dc   0x080018dc   0x0000002e   Code   RO         5398    i.gs_timer_stop     timer.o
    0x0800190a   0x0800190a   0x00000002   PAD
    0x0800190c   0x0800190c   0x00000170   Code   RO         4773    i.main              main.o
    0x08001a7c   0x08001a7c   0x00000024   Code   RO         5598    i.shell_getchar     shell.o
    0x08001aa0   0x08001aa0   0x000000ac   Code   RO         5147    i.show_version      kservice.o
    0x08001b4c   0x08001b4c   0x0000007c   Code   RO         5600    i.system_cmd_init   shell.o
    0x08001bc8   0x08001bc8   0x00000020   Data   RO         6123    Region$$Table       anon$$obj.o


    Execution Region RW_IRAM1 (Exec base: 0x20000000, Load base: 0x08001be8, Size: 0x00002c08, Max: 0x00020000, ABSOLUTE)

    Exec Addr    Load Addr    Size         Type   Attr      Idx    E Section Name        Object

    0x20000000   0x08001be8   0x00000014   Data   RW           16    .data               system_stm32f4xx.o
    0x20000014   0x08001bfc   0x00000010   Data   RW         2614    .data               stm32f4xx_rcc.o
    0x20000024   0x08001c0c   0x00000008   Data   RW         4775    .data               main.o
    0x2000002c   0x08001c14   0x00000004   Data   RW         5010    .data               cpuport.o
    0x20000030   0x08001c18   0x00000004   Data   RW         5011    .data               cpuport.o
    0x20000034   0x08001c1c   0x00000004   Data   RW         5012    .data               cpuport.o
    0x20000038   0x08001c20   0x00000004   Data   RW         5040    .data               clock.o
    0x2000003c   0x08001c24   0x00000004   Data   RW         5077    .data               idle.o
    0x20000040   0x08001c28   0x00000001   Data   RW         5111    .data               irq.o
    0x20000041   0x08001c29   0x00000003   PAD
    0x20000044   0x08001c2c   0x00000040   Data   RW         5201    .data               object.o
    0x20000084   0x08001c6c   0x0000000c   Data   RW         5240    .data               scheduler.o
    0x20000090   0x08001c78   0x0000000c   Data   RW         5399    .data               timer.o
    0x2000009c   0x08001c84   0x00000008   Data   RW         5509    .data               ipc.o
    0x200000a4   0x08001c8c   0x00000008   Data   RW         5603    .data               shell.o
    0x200000ac   0x08001c94   0x00000004   Data   RW         5672    .data               cmd.o
    0x200000b0   0x08001c98   0x00000004   Data   RW         6097    .data               mc_w.l(stdout.o)
    0x200000b4        -       0x000005b8   Zero   RW         4774    .bss                main.o
    0x2000066c        -       0x00000274   Zero   RW         5076    .bss                idle.o
    0x200008e0        -       0x00000100   Zero   RW         5239    .bss                scheduler.o
    0x200009e0        -       0x00000a28   Zero   RW         5508    .bss                ipc.o
    0x20001408        -       0x000011b0   Zero   RW         5601    .bss                shell.o
    0x200025b8        -       0x000000bc   Zero   RW         5602    .bss                shell.o
    0x20002674        -       0x00000190   Zero   RW         5671    .bss                cmd.o
    0x20002804   0x08001c9c   0x00000004   PAD
    0x20002808        -       0x00000400   Zero   RW            1    STACK               startup_stm32f40xx.o


==============================================================================

Image component sizes


      Code (inc. data)   RO Data    RW Data    ZI Data      Debug   Object Name

       298         24          0          0          0       2569   bsp_debug_usart.o
        56          8          0          0          0        578   bsp_key.o
        88          4          0          0          0        618   bsp_led.o
        56         12          0          4          0       1325   clock.o
       626        352          0          4        400       3721   cmd.o
        92         10          0          0          0      26960   components.o
       176         22          0          0          0        728   context_rvds.o
        60          4          0         12          0       1969   cpuport.o
        80         28          0          4        628       1899   idle.o
       136         18          0          8       2600       2867   ipc.o
        56         12          0          1          0       1706   irq.o
       234        130          0          0          0       1987   kservice.o
       506        148          0          8       1464      10923   main.o
       124         16          0          0          0       1891   misc.o
        98          6          0         64          0       3008   object.o
       150          0          0          0          0       3005   ringbuffer.o
       308         46          0         12        256       5317   scheduler.o
       392        136          0          8       4716       5618   shell.o
        36          8        392          0       1024        992   startup_stm32f40xx.o
       156          0          0          0          0       2079   stm32f4xx_gpio.o
        14          0          0          0          0       3463   stm32f4xx_it.o
       220         28          0         16          0       4714   stm32f4xx_rcc.o
       360          8          0          0          0       6565   stm32f4xx_usart.o
       276         34          0         20          0     274285   system_stm32f4xx.o
       510         32          0          0          0       7904   thread.o
       576         16          0         12          0       7864   timer.o

    ----------------------------------------------------------------------
      5702       1102        424        176      11092     384555   Object Totals
         0          0         32          0          0          0   (incl. Generated)
        18          0          0          3          4          0   (incl. Padding)

    ----------------------------------------------------------------------

      Code (inc. data)   RO Data    RW Data    ZI Data      Debug   Library Member Name

         0          0          0          0          0          0   entry.o
         0          0          0          0          0          0   entry10a.o
         0          0          0          0          0          0   entry11a.o
         8          4          0          0          0          0   entry2.o
         4          0          0          0          0          0   entry5.o
         0          0          0          0          0          0   entry7b.o
         0          0          0          0          0          0   entry8b.o
         8          4          0          0          0          0   entry9a.o
        30          0          0          0          0          0   handlers.o
        36          8          0          0          0         68   init.o
       866         14          0          0          0        352   printf6.o
         0          0          0          4          0          0   stdout.o
        18          0          0          0          0         68   strcpy.o
        44          0          0          0          0         80   uidiv.o

    ----------------------------------------------------------------------
      1018         30          0          4          0        568   Library Totals
         4          0          0          0          0          0   (incl. Padding)

    ----------------------------------------------------------------------

      Code (inc. data)   RO Data    RW Data    ZI Data      Debug   Library Name

      1014         30          0          4          0        568   mc_w.l

    ----------------------------------------------------------------------
      1018         30          0          4          0        568   Library Totals

    ----------------------------------------------------------------------

==============================================================================


      Code (inc. data)   RO Data    RW Data    ZI Data      Debug   

      6720       1132        424        180      11092     376519   Grand Totals
      6720       1132        424        180      11092     376519   ELF Image Totals
      6720       1132        424        180          0          0   ROM Totals

==============================================================================

    Total RO  Size (Code + RO Data)                 7144 (   6.98kB)
    Total RW  Size (RW Data + ZI Data)             11272 (  11.01kB)
    Total ROM Size (Code + RO Data + RW Data)       7324 (   7.15kB)

==============================================================================

