Component: ARM Compiler 5.06 update 5 (build 528) Tool: armlink [4d35e2]

==============================================================================

Section Cross References

    main.o(i.SysTick_Handler) refers to irq.o(i.gs_interrupt_enter) for gs_interrupt_enter
    main.o(i.SysTick_Handler) refers to clock.o(i.gs_tick_increase) for gs_tick_increase
    main.o(i.SysTick_Handler) refers to irq.o(i.gs_interrupt_leave) for gs_interrupt_leave
    main.o(i.flag1_thread_entry) refers to thread.o(i.gs_thread_delay) for gs_thread_delay
    main.o(i.flag1_thread_entry) refers to main.o(.data) for flag1
    main.o(i.flag2_thread_entry) refers to thread.o(i.gs_thread_delay) for gs_thread_delay
    main.o(i.flag2_thread_entry) refers to main.o(.data) for flag2
    main.o(i.flag3_thread_entry) refers to thread.o(i.gs_thread_delay) for gs_thread_delay
    main.o(i.flag3_thread_entry) refers to main.o(.data) for flag3
    main.o(i.main) refers to context_rvds.o(.text) for gs_hw_interrupt_disable
    main.o(i.main) refers to scheduler.o(i.gs_system_scheduler_init) for gs_system_scheduler_init
    main.o(i.main) refers to idle.o(i.gs_thread_idle_init) for gs_thread_idle_init
    main.o(i.main) refers to timer.o(i.gs_system_timer_init) for gs_system_timer_init
    main.o(i.main) refers to thread.o(i.gs_thread_init) for gs_thread_init
    main.o(i.main) refers to thread.o(i.gs_thread_startup) for gs_thread_startup
    main.o(i.main) refers to scheduler.o(i.gs_system_scheduler_start) for gs_system_scheduler_start
    main.o(i.main) refers to system_armcm4.o(.data) for SystemCoreClock
    main.o(i.main) refers to main.o(.bss) for gs_flag1_thread_stack
    main.o(i.main) refers to main.o(i.flag1_thread_entry) for flag1_thread_entry
    main.o(i.main) refers to main.o(i.flag2_thread_entry) for flag2_thread_entry
    main.o(i.main) refers to main.o(i.flag3_thread_entry) for flag3_thread_entry
    context_rvds.o(.text) refers to cpuport.o(.data) for gs_interrupt_to_thread
    scheduler.o(i.gs_schedule) refers to context_rvds.o(.text) for gs_hw_interrupt_disable
    scheduler.o(i.gs_schedule) refers to kservice.o(i.__gs_ffs) for __gs_ffs
    scheduler.o(i.gs_schedule) refers to scheduler.o(.data) for gs_thread_ready_priority_group
    scheduler.o(i.gs_schedule) refers to scheduler.o(.bss) for gs_thread_priority_table
    scheduler.o(i.gs_schedule_insert_thread) refers to context_rvds.o(.text) for gs_hw_interrupt_disable
    scheduler.o(i.gs_schedule_insert_thread) refers to scheduler.o(.bss) for gs_thread_priority_table
    scheduler.o(i.gs_schedule_insert_thread) refers to scheduler.o(.data) for gs_thread_ready_priority_group
    scheduler.o(i.gs_schedule_remove_thread) refers to context_rvds.o(.text) for gs_hw_interrupt_disable
    scheduler.o(i.gs_schedule_remove_thread) refers to scheduler.o(.bss) for gs_thread_priority_table
    scheduler.o(i.gs_schedule_remove_thread) refers to scheduler.o(.data) for gs_thread_ready_priority_group
    scheduler.o(i.gs_system_scheduler_init) refers to scheduler.o(.bss) for gs_thread_priority_table
    scheduler.o(i.gs_system_scheduler_init) refers to scheduler.o(.data) for gs_current_thread_priority
    scheduler.o(i.gs_system_scheduler_start) refers to kservice.o(i.__gs_ffs) for __gs_ffs
    scheduler.o(i.gs_system_scheduler_start) refers to context_rvds.o(.text) for gs_hw_context_switch_first
    scheduler.o(i.gs_system_scheduler_start) refers to scheduler.o(.data) for gs_thread_ready_priority_group
    scheduler.o(i.gs_system_scheduler_start) refers to scheduler.o(.bss) for gs_thread_priority_table
    thread.o(i.gs_object_get_infomation) refers to thread.o(.data) for gs_object_container
    thread.o(i.gs_object_init) refers to thread.o(i.gs_object_get_infomation) for gs_object_get_infomation
    thread.o(i.gs_object_init) refers to kservice.o(i.gs_strncpy) for gs_strncpy
    thread.o(i.gs_object_init) refers to context_rvds.o(.text) for gs_hw_interrupt_disable
    thread.o(i.gs_thread_delay) refers to thread.o(i.gs_thread_sleep) for gs_thread_sleep
    thread.o(i.gs_thread_init) refers to thread.o(i.gs_object_init) for gs_object_init
    thread.o(i.gs_thread_init) refers to cpuport.o(i.gs_hw_stack_init) for gs_hw_stack_init
    thread.o(i.gs_thread_init) refers to timer.o(i.gs_timer_init) for gs_timer_init
    thread.o(i.gs_thread_init) refers to thread.o(i.gs_thread_timeout) for gs_thread_timeout
    thread.o(i.gs_thread_resume) refers to context_rvds.o(.text) for gs_hw_interrupt_disable
    thread.o(i.gs_thread_resume) refers to thread.o(i.gs_list_remove) for gs_list_remove
    thread.o(i.gs_thread_resume) refers to scheduler.o(i.gs_schedule_insert_thread) for gs_schedule_insert_thread
    thread.o(i.gs_thread_self) refers to scheduler.o(.data) for gs_current_thread
    thread.o(i.gs_thread_sleep) refers to context_rvds.o(.text) for gs_hw_interrupt_disable
    thread.o(i.gs_thread_sleep) refers to thread.o(i.gs_thread_suspend) for gs_thread_suspend
    thread.o(i.gs_thread_sleep) refers to timer.o(i.gs_timer_control) for gs_timer_control
    thread.o(i.gs_thread_sleep) refers to timer.o(i.gs_timer_start) for gs_timer_start
    thread.o(i.gs_thread_sleep) refers to scheduler.o(i.gs_schedule) for gs_schedule
    thread.o(i.gs_thread_sleep) refers to scheduler.o(.data) for gs_current_thread
    thread.o(i.gs_thread_startup) refers to thread.o(i.gs_thread_resume) for gs_thread_resume
    thread.o(i.gs_thread_startup) refers to thread.o(i.gs_thread_self) for gs_thread_self
    thread.o(i.gs_thread_startup) refers to scheduler.o(i.gs_schedule) for gs_schedule
    thread.o(i.gs_thread_suspend) refers to context_rvds.o(.text) for gs_hw_interrupt_disable
    thread.o(i.gs_thread_suspend) refers to scheduler.o(i.gs_schedule_remove_thread) for gs_schedule_remove_thread
    thread.o(i.gs_thread_suspend) refers to timer.o(i.gs_timer_stop) for gs_timer_stop
    thread.o(i.gs_thread_timeout) refers to thread.o(i.gs_list_remove) for gs_list_remove
    thread.o(i.gs_thread_timeout) refers to scheduler.o(i.gs_schedule_insert_thread) for gs_schedule_insert_thread
    thread.o(i.gs_thread_timeout) refers to scheduler.o(i.gs_schedule) for gs_schedule
    idle.o(i.gs_thread_idle_entry) refers to idle.o(.data) for gs_idletask_ctr
    idle.o(i.gs_thread_idle_init) refers to thread.o(i.gs_thread_init) for gs_thread_init
    idle.o(i.gs_thread_idle_init) refers to thread.o(i.gs_thread_startup) for gs_thread_startup
    idle.o(i.gs_thread_idle_init) refers to idle.o(.bss) for gs_thread_stack
    idle.o(i.gs_thread_idle_init) refers to idle.o(i.gs_thread_idle_entry) for gs_thread_idle_entry
    irq.o(i.gs_interrupt_enter) refers to context_rvds.o(.text) for gs_hw_interrupt_disable
    irq.o(i.gs_interrupt_enter) refers to irq.o(.data) for gs_interrupt_nest
    irq.o(i.gs_interrupt_leave) refers to context_rvds.o(.text) for gs_hw_interrupt_disable
    irq.o(i.gs_interrupt_leave) refers to irq.o(.data) for gs_interrupt_nest
    clock.o(i.gs_tick_get) refers to clock.o(.data) for gs_tick
    clock.o(i.gs_tick_increase) refers to timer.o(i.gs_timer_check) for gs_timer_check
    clock.o(i.gs_tick_increase) refers to clock.o(.data) for gs_tick
    timer.o(i._gs_timer_init) refers to timer.o(i.gs_list_init) for gs_list_init
    timer.o(i.gs_system_timer_init) refers to timer.o(i.gs_list_init) for gs_list_init
    timer.o(i.gs_system_timer_init) refers to timer.o(.data) for gs_timer_list
    timer.o(i.gs_timer_check) refers to clock.o(i.gs_tick_get) for gs_tick_get
    timer.o(i.gs_timer_check) refers to context_rvds.o(.text) for gs_hw_interrupt_disable
    timer.o(i.gs_timer_check) refers to timer.o(i._gs_timer_remove) for _gs_timer_remove
    timer.o(i.gs_timer_check) refers to timer.o(i.gs_timer_start) for gs_timer_start
    timer.o(i.gs_timer_check) refers to timer.o(.data) for gs_timer_list
    timer.o(i.gs_timer_init) refers to thread.o(i.gs_object_init) for gs_object_init
    timer.o(i.gs_timer_init) refers to timer.o(i._gs_timer_init) for _gs_timer_init
    timer.o(i.gs_timer_start) refers to context_rvds.o(.text) for gs_hw_interrupt_disable
    timer.o(i.gs_timer_start) refers to timer.o(i._gs_timer_remove) for _gs_timer_remove
    timer.o(i.gs_timer_start) refers to clock.o(i.gs_tick_get) for gs_tick_get
    timer.o(i.gs_timer_start) refers to timer.o(i.gs_list_insert_after) for gs_list_insert_after
    timer.o(i.gs_timer_start) refers to timer.o(.data) for gs_timer_list
    timer.o(i.gs_timer_stop) refers to context_rvds.o(.text) for gs_hw_interrupt_disable
    timer.o(i.gs_timer_stop) refers to timer.o(i._gs_timer_remove) for _gs_timer_remove
    startup_armcm4.o(STACK) refers (Special) to heapauxi.o(.text) for __use_two_region_memory
    startup_armcm4.o(HEAP) refers (Special) to heapauxi.o(.text) for __use_two_region_memory
    startup_armcm4.o(RESET) refers (Special) to heapauxi.o(.text) for __use_two_region_memory
    startup_armcm4.o(RESET) refers to startup_armcm4.o(STACK) for __initial_sp
    startup_armcm4.o(RESET) refers to startup_armcm4.o(.text) for Reset_Handler
    startup_armcm4.o(RESET) refers to context_rvds.o(.text) for PendSV_Handler
    startup_armcm4.o(RESET) refers to main.o(i.SysTick_Handler) for SysTick_Handler
    startup_armcm4.o(.text) refers (Special) to heapauxi.o(.text) for __use_two_region_memory
    startup_armcm4.o(.text) refers to system_armcm4.o(i.SystemInit) for SystemInit
    startup_armcm4.o(.text) refers to __main.o(!!!main) for __main
    startup_armcm4.o(.text) refers to startup_armcm4.o(HEAP) for Heap_Mem
    startup_armcm4.o(.text) refers to startup_armcm4.o(STACK) for Stack_Mem
    system_armcm4.o(i.SystemCoreClockUpdate) refers to system_armcm4.o(.data) for SystemCoreClock
    system_armcm4.o(i.SystemInit) refers to startup_armcm4.o(RESET) for __Vectors
    system_armcm4.o(i.SystemInit) refers to system_armcm4.o(.data) for SystemCoreClock
    __main.o(!!!main) refers to __rtentry.o(.ARM.Collect$$rtentry$$00000000) for __rt_entry
    __rtentry.o(.ARM.Collect$$rtentry$$00000000) refers (Special) to __rtentry2.o(.ARM.Collect$$rtentry$$0000000A) for __rt_entry_li
    __rtentry.o(.ARM.Collect$$rtentry$$00000000) refers (Special) to __rtentry2.o(.ARM.Collect$$rtentry$$0000000D) for __rt_entry_main
    __rtentry.o(.ARM.Collect$$rtentry$$00000000) refers (Special) to __rtentry2.o(.ARM.Collect$$rtentry$$0000000C) for __rt_entry_postli_1
    __rtentry.o(.ARM.Collect$$rtentry$$00000000) refers (Special) to __rtentry2.o(.ARM.Collect$$rtentry$$00000009) for __rt_entry_postsh_1
    __rtentry.o(.ARM.Collect$$rtentry$$00000000) refers (Special) to __rtentry2.o(.ARM.Collect$$rtentry$$00000002) for __rt_entry_presh_1
    __rtentry.o(.ARM.Collect$$rtentry$$00000000) refers (Special) to __rtentry4.o(.ARM.Collect$$rtentry$$00000004) for __rt_entry_sh
    __rtentry2.o(.ARM.Collect$$rtentry$$00000008) refers to boardinit2.o(.text) for _platform_post_stackheap_init
    __rtentry2.o(.ARM.Collect$$rtentry$$0000000A) refers to libinit.o(.ARM.Collect$$libinit$$00000000) for __rt_lib_init
    __rtentry2.o(.ARM.Collect$$rtentry$$0000000B) refers to boardinit3.o(.text) for _platform_post_lib_init
    __rtentry2.o(.ARM.Collect$$rtentry$$0000000D) refers to main.o(i.main) for main
    __rtentry2.o(.ARM.Collect$$rtentry$$0000000D) refers to exit.o(.text) for exit
    __rtentry2.o(.ARM.exidx) refers to __rtentry2.o(.ARM.Collect$$rtentry$$00000001) for .ARM.Collect$$rtentry$$00000001
    __rtentry2.o(.ARM.exidx) refers to __rtentry2.o(.ARM.Collect$$rtentry$$00000008) for .ARM.Collect$$rtentry$$00000008
    __rtentry2.o(.ARM.exidx) refers to __rtentry2.o(.ARM.Collect$$rtentry$$0000000A) for .ARM.Collect$$rtentry$$0000000A
    __rtentry2.o(.ARM.exidx) refers to __rtentry2.o(.ARM.Collect$$rtentry$$0000000B) for .ARM.Collect$$rtentry$$0000000B
    __rtentry2.o(.ARM.exidx) refers to __rtentry2.o(.ARM.Collect$$rtentry$$0000000D) for .ARM.Collect$$rtentry$$0000000D
    __rtentry4.o(.ARM.Collect$$rtentry$$00000004) refers to sys_stackheap_outer.o(.text) for __user_setup_stackheap
    __rtentry4.o(.ARM.exidx) refers to __rtentry4.o(.ARM.Collect$$rtentry$$00000004) for .ARM.Collect$$rtentry$$00000004
    sys_stackheap_outer.o(.text) refers to libspace.o(.text) for __user_perproc_libspace
    sys_stackheap_outer.o(.text) refers to startup_armcm4.o(.text) for __user_initial_stackheap
    exit.o(.text) refers to rtexit.o(.ARM.Collect$$rtexit$$00000000) for __rt_exit
    libinit.o(.ARM.Collect$$libinit$$00000000) refers (Special) to libinit2.o(.ARM.Collect$$libinit$$0000002E) for __rt_lib_init_alloca_1
    libinit.o(.ARM.Collect$$libinit$$00000000) refers (Special) to libinit2.o(.ARM.Collect$$libinit$$0000002C) for __rt_lib_init_argv_1
    libinit.o(.ARM.Collect$$libinit$$00000000) refers (Special) to libinit2.o(.ARM.Collect$$libinit$$0000001B) for __rt_lib_init_atexit_1
    libinit.o(.ARM.Collect$$libinit$$00000000) refers (Special) to libinit2.o(.ARM.Collect$$libinit$$00000021) for __rt_lib_init_clock_1
    libinit.o(.ARM.Collect$$libinit$$00000000) refers (Special) to libinit2.o(.ARM.Collect$$libinit$$00000032) for __rt_lib_init_cpp_1
    libinit.o(.ARM.Collect$$libinit$$00000000) refers (Special) to libinit2.o(.ARM.Collect$$libinit$$00000030) for __rt_lib_init_exceptions_1
    libinit.o(.ARM.Collect$$libinit$$00000000) refers (Special) to libinit2.o(.ARM.Collect$$libinit$$00000002) for __rt_lib_init_fp_1
    libinit.o(.ARM.Collect$$libinit$$00000000) refers (Special) to libinit2.o(.ARM.Collect$$libinit$$0000001F) for __rt_lib_init_fp_trap_1
    libinit.o(.ARM.Collect$$libinit$$00000000) refers (Special) to libinit2.o(.ARM.Collect$$libinit$$00000023) for __rt_lib_init_getenv_1
    libinit.o(.ARM.Collect$$libinit$$00000000) refers (Special) to libinit2.o(.ARM.Collect$$libinit$$0000000A) for __rt_lib_init_heap_1
    libinit.o(.ARM.Collect$$libinit$$00000000) refers (Special) to libinit2.o(.ARM.Collect$$libinit$$00000011) for __rt_lib_init_lc_collate_1
    libinit.o(.ARM.Collect$$libinit$$00000000) refers (Special) to libinit2.o(.ARM.Collect$$libinit$$00000013) for __rt_lib_init_lc_ctype_1
    libinit.o(.ARM.Collect$$libinit$$00000000) refers (Special) to libinit2.o(.ARM.Collect$$libinit$$00000015) for __rt_lib_init_lc_monetary_1
    libinit.o(.ARM.Collect$$libinit$$00000000) refers (Special) to libinit2.o(.ARM.Collect$$libinit$$00000017) for __rt_lib_init_lc_numeric_1
    libinit.o(.ARM.Collect$$libinit$$00000000) refers (Special) to libinit2.o(.ARM.Collect$$libinit$$00000019) for __rt_lib_init_lc_time_1
    libinit.o(.ARM.Collect$$libinit$$00000000) refers (Special) to libinit2.o(.ARM.Collect$$libinit$$00000004) for __rt_lib_init_preinit_1
    libinit.o(.ARM.Collect$$libinit$$00000000) refers (Special) to libinit2.o(.ARM.Collect$$libinit$$0000000E) for __rt_lib_init_rand_1
    libinit.o(.ARM.Collect$$libinit$$00000000) refers (Special) to libinit2.o(.ARM.Collect$$libinit$$00000033) for __rt_lib_init_return
    libinit.o(.ARM.Collect$$libinit$$00000000) refers (Special) to libinit2.o(.ARM.Collect$$libinit$$0000001D) for __rt_lib_init_signal_1
    libinit.o(.ARM.Collect$$libinit$$00000000) refers (Special) to libinit2.o(.ARM.Collect$$libinit$$00000025) for __rt_lib_init_stdio_1
    libinit.o(.ARM.Collect$$libinit$$00000000) refers (Special) to libinit2.o(.ARM.Collect$$libinit$$0000000C) for __rt_lib_init_user_alloc_1
    libspace.o(.text) refers to libspace.o(.bss) for __libspace_start
    rtexit.o(.ARM.Collect$$rtexit$$00000000) refers (Special) to rtexit2.o(.ARM.Collect$$rtexit$$00000004) for __rt_exit_exit
    rtexit.o(.ARM.Collect$$rtexit$$00000000) refers (Special) to rtexit2.o(.ARM.Collect$$rtexit$$00000003) for __rt_exit_ls
    rtexit.o(.ARM.Collect$$rtexit$$00000000) refers (Special) to rtexit2.o(.ARM.Collect$$rtexit$$00000002) for __rt_exit_prels_1
    rtexit.o(.ARM.exidx) refers (Special) to rtexit2.o(.ARM.Collect$$rtexit$$00000004) for __rt_exit_exit
    rtexit.o(.ARM.exidx) refers (Special) to rtexit2.o(.ARM.Collect$$rtexit$$00000003) for __rt_exit_ls
    rtexit.o(.ARM.exidx) refers (Special) to rtexit2.o(.ARM.Collect$$rtexit$$00000002) for __rt_exit_prels_1
    rtexit.o(.ARM.exidx) refers to rtexit.o(.ARM.Collect$$rtexit$$00000000) for .ARM.Collect$$rtexit$$00000000
    libinit2.o(.ARM.Collect$$libinit$$00000010) refers to libinit2.o(.ARM.Collect$$libinit$$0000000F) for .ARM.Collect$$libinit$$0000000F
    libinit2.o(.ARM.Collect$$libinit$$00000012) refers to libinit2.o(.ARM.Collect$$libinit$$0000000F) for .ARM.Collect$$libinit$$0000000F
    libinit2.o(.ARM.Collect$$libinit$$00000014) refers to libinit2.o(.ARM.Collect$$libinit$$0000000F) for .ARM.Collect$$libinit$$0000000F
    libinit2.o(.ARM.Collect$$libinit$$00000016) refers to libinit2.o(.ARM.Collect$$libinit$$0000000F) for .ARM.Collect$$libinit$$0000000F
    libinit2.o(.ARM.Collect$$libinit$$00000018) refers to libinit2.o(.ARM.Collect$$libinit$$0000000F) for .ARM.Collect$$libinit$$0000000F
    libinit2.o(.ARM.Collect$$libinit$$00000026) refers to argv_veneer.o(.emb_text) for __ARM_argv_veneer
    libinit2.o(.ARM.Collect$$libinit$$00000027) refers to argv_veneer.o(.emb_text) for __ARM_argv_veneer
    rtexit2.o(.ARM.Collect$$rtexit$$00000003) refers to libshutdown.o(.ARM.Collect$$libshutdown$$00000000) for __rt_lib_shutdown
    rtexit2.o(.ARM.Collect$$rtexit$$00000004) refers to sys_exit.o(.text) for _sys_exit
    rtexit2.o(.ARM.exidx) refers to rtexit2.o(.ARM.Collect$$rtexit$$00000001) for .ARM.Collect$$rtexit$$00000001
    rtexit2.o(.ARM.exidx) refers to rtexit2.o(.ARM.Collect$$rtexit$$00000003) for .ARM.Collect$$rtexit$$00000003
    rtexit2.o(.ARM.exidx) refers to rtexit2.o(.ARM.Collect$$rtexit$$00000004) for .ARM.Collect$$rtexit$$00000004
    argv_veneer.o(.emb_text) refers to no_argv.o(.text) for __ARM_get_argv
    sys_exit.o(.text) refers (Special) to use_no_semi.o(.text) for __I$use$semihosting
    sys_exit.o(.text) refers (Special) to indicate_semi.o(.text) for __semihosting_library_function
    _get_argv_nomalloc.o(.text) refers (Special) to hrguard.o(.text) for __heap_region$guard
    _get_argv_nomalloc.o(.text) refers to defsig_rtmem_outer.o(.text) for __rt_SIGRTMEM
    _get_argv_nomalloc.o(.text) refers to sys_command.o(.text) for _sys_command_string
    libshutdown.o(.ARM.Collect$$libshutdown$$00000000) refers (Special) to libshutdown2.o(.ARM.Collect$$libshutdown$$00000002) for __rt_lib_shutdown_cpp_1
    libshutdown.o(.ARM.Collect$$libshutdown$$00000000) refers (Special) to libshutdown2.o(.ARM.Collect$$libshutdown$$00000007) for __rt_lib_shutdown_fp_trap_1
    libshutdown.o(.ARM.Collect$$libshutdown$$00000000) refers (Special) to libshutdown2.o(.ARM.Collect$$libshutdown$$0000000F) for __rt_lib_shutdown_heap_1
    libshutdown.o(.ARM.Collect$$libshutdown$$00000000) refers (Special) to libshutdown2.o(.ARM.Collect$$libshutdown$$00000010) for __rt_lib_shutdown_return
    libshutdown.o(.ARM.Collect$$libshutdown$$00000000) refers (Special) to libshutdown2.o(.ARM.Collect$$libshutdown$$0000000A) for __rt_lib_shutdown_signal_1
    libshutdown.o(.ARM.Collect$$libshutdown$$00000000) refers (Special) to libshutdown2.o(.ARM.Collect$$libshutdown$$00000004) for __rt_lib_shutdown_stdio_1
    libshutdown.o(.ARM.Collect$$libshutdown$$00000000) refers (Special) to libshutdown2.o(.ARM.Collect$$libshutdown$$0000000C) for __rt_lib_shutdown_user_alloc_1
    sys_command.o(.text) refers (Special) to use_no_semi.o(.text) for __I$use$semihosting
    sys_command.o(.text) refers (Special) to indicate_semi.o(.text) for __semihosting_library_function
    defsig_rtmem_outer.o(.text) refers to defsig_rtmem_inner.o(.text) for __rt_SIGRTMEM_inner
    defsig_rtmem_outer.o(.text) refers to defsig_exit.o(.text) for __sig_exit
    defsig_rtmem_formal.o(.text) refers to rt_raise.o(.text) for __rt_raise
    rt_raise.o(.text) refers to __raise.o(.text) for __raise
    rt_raise.o(.text) refers to sys_exit.o(.text) for _sys_exit
    defsig_exit.o(.text) refers to sys_exit.o(.text) for _sys_exit
    defsig_rtmem_inner.o(.text) refers to defsig_general.o(.text) for __default_signal_display
    __raise.o(.text) refers to defsig.o(CL$$defsig) for __default_signal_handler
    defsig_general.o(.text) refers to sys_wrch.o(.text) for _ttywrch
    sys_wrch.o(.text) refers (Special) to use_no_semi.o(.text) for __I$use$semihosting
    sys_wrch.o(.text) refers (Special) to indicate_semi.o(.text) for __semihosting_library_function
    defsig.o(CL$$defsig) refers to defsig_rtmem_inner.o(.text) for __rt_SIGRTMEM_inner
    defsig_abrt_inner.o(.text) refers to defsig_general.o(.text) for __default_signal_display
    defsig_fpe_inner.o(.text) refers to defsig_general.o(.text) for __default_signal_display
    defsig_rtred_inner.o(.text) refers to defsig_general.o(.text) for __default_signal_display
    defsig_stak_inner.o(.text) refers to defsig_general.o(.text) for __default_signal_display
    defsig_pvfn_inner.o(.text) refers to defsig_general.o(.text) for __default_signal_display
    defsig_cppl_inner.o(.text) refers to defsig_general.o(.text) for __default_signal_display
    defsig_segv_inner.o(.text) refers to defsig_general.o(.text) for __default_signal_display
    defsig_other.o(.text) refers to defsig_general.o(.text) for __default_signal_display


==============================================================================

Removing Unused input sections from the image.

    Removing main.o(.rev16_text), (4 bytes).
    Removing main.o(.revsh_text), (4 bytes).
    Removing main.o(.rrx_text), (6 bytes).
    Removing main.o(i.delay), (10 bytes).
    Removing system_armcm4.o(.rev16_text), (4 bytes).
    Removing system_armcm4.o(.revsh_text), (4 bytes).
    Removing system_armcm4.o(.rrx_text), (6 bytes).
    Removing system_armcm4.o(i.SystemCoreClockUpdate), (16 bytes).

8 unused section(s) (total 54 bytes) removed from the image.

==============================================================================

Image Symbol Table

    Local Symbols

    Symbol Name                              Value     Ov Type        Size  Object(Section)

    RESET                                    0x00000000   Section      192  startup_armcm4.o(RESET)
    ../clib/angel/boardlib.s                 0x00000000   Number         0  boardinit2.o ABSOLUTE
    ../clib/angel/boardlib.s                 0x00000000   Number         0  boardshut.o ABSOLUTE
    ../clib/angel/boardlib.s                 0x00000000   Number         0  boardinit3.o ABSOLUTE
    ../clib/angel/boardlib.s                 0x00000000   Number         0  boardinit1.o ABSOLUTE
    ../clib/angel/handlers.s                 0x00000000   Number         0  __scatter_zi.o ABSOLUTE
    ../clib/angel/handlers.s                 0x00000000   Number         0  __scatter_copy.o ABSOLUTE
    ../clib/angel/kernel.s                   0x00000000   Number         0  __rtentry2.o ABSOLUTE
    ../clib/angel/kernel.s                   0x00000000   Number         0  rtexit2.o ABSOLUTE
    ../clib/angel/kernel.s                   0x00000000   Number         0  rtexit.o ABSOLUTE
    ../clib/angel/kernel.s                   0x00000000   Number         0  __rtentry.o ABSOLUTE
    ../clib/angel/kernel.s                   0x00000000   Number         0  __rtentry4.o ABSOLUTE
    ../clib/angel/rt.s                       0x00000000   Number         0  rt_raise.o ABSOLUTE
    ../clib/angel/scatter.s                  0x00000000   Number         0  __scatter.o ABSOLUTE
    ../clib/angel/startup.s                  0x00000000   Number         0  __main.o ABSOLUTE
    ../clib/angel/sys.s                      0x00000000   Number         0  indicate_semi.o ABSOLUTE
    ../clib/angel/sys.s                      0x00000000   Number         0  sys_stackheap_outer.o ABSOLUTE
    ../clib/angel/sys.s                      0x00000000   Number         0  libspace.o ABSOLUTE
    ../clib/angel/sys.s                      0x00000000   Number         0  use_no_semi.o ABSOLUTE
    ../clib/angel/sysapp.c                   0x00000000   Number         0  sys_command.o ABSOLUTE
    ../clib/angel/sysapp.c                   0x00000000   Number         0  sys_wrch.o ABSOLUTE
    ../clib/angel/sysapp.c                   0x00000000   Number         0  sys_exit.o ABSOLUTE
    ../clib/armsys.c                         0x00000000   Number         0  argv_veneer.o ABSOLUTE
    ../clib/armsys.c                         0x00000000   Number         0  argv_veneer.o ABSOLUTE
    ../clib/armsys.c                         0x00000000   Number         0  no_argv.o ABSOLUTE
    ../clib/armsys.c                         0x00000000   Number         0  _get_argv_nomalloc.o ABSOLUTE
    ../clib/heapalloc.c                      0x00000000   Number         0  hrguard.o ABSOLUTE
    ../clib/heapaux.c                        0x00000000   Number         0  heapauxi.o ABSOLUTE
    ../clib/libinit.s                        0x00000000   Number         0  libinit2.o ABSOLUTE
    ../clib/libinit.s                        0x00000000   Number         0  libinit.o ABSOLUTE
    ../clib/libinit.s                        0x00000000   Number         0  libshutdown2.o ABSOLUTE
    ../clib/libinit.s                        0x00000000   Number         0  libshutdown.o ABSOLUTE
    ../clib/signal.c                         0x00000000   Number         0  defsig_segv_inner.o ABSOLUTE
    ../clib/signal.c                         0x00000000   Number         0  defsig_rtmem_outer.o ABSOLUTE
    ../clib/signal.c                         0x00000000   Number         0  defsig_rtmem_formal.o ABSOLUTE
    ../clib/signal.c                         0x00000000   Number         0  defsig_other.o ABSOLUTE
    ../clib/signal.c                         0x00000000   Number         0  __raise.o ABSOLUTE
    ../clib/signal.c                         0x00000000   Number         0  defsig_cppl_inner.o ABSOLUTE
    ../clib/signal.c                         0x00000000   Number         0  defsig_pvfn_inner.o ABSOLUTE
    ../clib/signal.c                         0x00000000   Number         0  defsig_general.o ABSOLUTE
    ../clib/signal.c                         0x00000000   Number         0  defsig_rtmem_inner.o ABSOLUTE
    ../clib/signal.c                         0x00000000   Number         0  defsig_rtred_inner.o ABSOLUTE
    ../clib/signal.c                         0x00000000   Number         0  defsig_fpe_inner.o ABSOLUTE
    ../clib/signal.c                         0x00000000   Number         0  defsig_abrt_inner.o ABSOLUTE
    ../clib/signal.c                         0x00000000   Number         0  defsig_stak_inner.o ABSOLUTE
    ../clib/signal.c                         0x00000000   Number         0  defsig_exit.o ABSOLUTE
    ../clib/signal.s                         0x00000000   Number         0  defsig.o ABSOLUTE
    ../clib/stdlib.c                         0x00000000   Number         0  exit.o ABSOLUTE
    ../fplib/fpinit.s                        0x00000000   Number         0  fpinit.o ABSOLUTE
    ..\User\main.c                           0x00000000   Number         0  main.o ABSOLUTE
    ..\\User\\main.c                         0x00000000   Number         0  main.o ABSOLUTE
    ..\gsthread\libcpu\arm\cortex-m4\context_rvds.s 0x00000000   Number         0  context_rvds.o ABSOLUTE
    ..\gsthread\libcpu\arm\cortex-m4\cpuport.c 0x00000000   Number         0  cpuport.o ABSOLUTE
    ..\gsthread\src\clock.c                  0x00000000   Number         0  clock.o ABSOLUTE
    ..\gsthread\src\idle.c                   0x00000000   Number         0  idle.o ABSOLUTE
    ..\gsthread\src\irq.c                    0x00000000   Number         0  irq.o ABSOLUTE
    ..\gsthread\src\kservice.c               0x00000000   Number         0  kservice.o ABSOLUTE
    ..\gsthread\src\list.c                   0x00000000   Number         0  list.o ABSOLUTE
    ..\gsthread\src\object.c                 0x00000000   Number         0  object.o ABSOLUTE
    ..\gsthread\src\scheduler.c              0x00000000   Number         0  scheduler.o ABSOLUTE
    ..\gsthread\src\thread.c                 0x00000000   Number         0  thread.o ABSOLUTE
    ..\gsthread\src\timer.c                  0x00000000   Number         0  timer.o ABSOLUTE
    RTE\Device\ARMCM4\startup_ARMCM4.s       0x00000000   Number         0  startup_armcm4.o ABSOLUTE
    RTE\Device\ARMCM4\system_ARMCM4.c        0x00000000   Number         0  system_armcm4.o ABSOLUTE
    RTE\\Device\\ARMCM4\\system_ARMCM4.c     0x00000000   Number         0  system_armcm4.o ABSOLUTE
    dc.s                                     0x00000000   Number         0  dc.o ABSOLUTE
    !!!main                                  0x000000c0   Section        8  __main.o(!!!main)
    !!!scatter                               0x000000c8   Section       52  __scatter.o(!!!scatter)
    !!handler_copy                           0x000000fc   Section       26  __scatter_copy.o(!!handler_copy)
    !!handler_zi                             0x00000118   Section       28  __scatter_zi.o(!!handler_zi)
    .ARM.Collect$$libinit$$00000000          0x00000134   Section        2  libinit.o(.ARM.Collect$$libinit$$00000000)
    .ARM.Collect$$libinit$$00000002          0x00000136   Section        0  libinit2.o(.ARM.Collect$$libinit$$00000002)
    .ARM.Collect$$libinit$$00000004          0x00000136   Section        0  libinit2.o(.ARM.Collect$$libinit$$00000004)
    .ARM.Collect$$libinit$$0000000A          0x00000136   Section        0  libinit2.o(.ARM.Collect$$libinit$$0000000A)
    .ARM.Collect$$libinit$$0000000C          0x00000136   Section        0  libinit2.o(.ARM.Collect$$libinit$$0000000C)
    .ARM.Collect$$libinit$$0000000E          0x00000136   Section        0  libinit2.o(.ARM.Collect$$libinit$$0000000E)
    .ARM.Collect$$libinit$$00000011          0x00000136   Section        0  libinit2.o(.ARM.Collect$$libinit$$00000011)
    .ARM.Collect$$libinit$$00000013          0x00000136   Section        0  libinit2.o(.ARM.Collect$$libinit$$00000013)
    .ARM.Collect$$libinit$$00000015          0x00000136   Section        0  libinit2.o(.ARM.Collect$$libinit$$00000015)
    .ARM.Collect$$libinit$$00000017          0x00000136   Section        0  libinit2.o(.ARM.Collect$$libinit$$00000017)
    .ARM.Collect$$libinit$$00000019          0x00000136   Section        0  libinit2.o(.ARM.Collect$$libinit$$00000019)
    .ARM.Collect$$libinit$$0000001B          0x00000136   Section        0  libinit2.o(.ARM.Collect$$libinit$$0000001B)
    .ARM.Collect$$libinit$$0000001D          0x00000136   Section        0  libinit2.o(.ARM.Collect$$libinit$$0000001D)
    .ARM.Collect$$libinit$$0000001F          0x00000136   Section        0  libinit2.o(.ARM.Collect$$libinit$$0000001F)
    .ARM.Collect$$libinit$$00000021          0x00000136   Section        0  libinit2.o(.ARM.Collect$$libinit$$00000021)
    .ARM.Collect$$libinit$$00000023          0x00000136   Section        0  libinit2.o(.ARM.Collect$$libinit$$00000023)
    .ARM.Collect$$libinit$$00000025          0x00000136   Section        0  libinit2.o(.ARM.Collect$$libinit$$00000025)
    .ARM.Collect$$libinit$$0000002C          0x00000136   Section        0  libinit2.o(.ARM.Collect$$libinit$$0000002C)
    .ARM.Collect$$libinit$$0000002E          0x00000136   Section        0  libinit2.o(.ARM.Collect$$libinit$$0000002E)
    .ARM.Collect$$libinit$$00000030          0x00000136   Section        0  libinit2.o(.ARM.Collect$$libinit$$00000030)
    .ARM.Collect$$libinit$$00000032          0x00000136   Section        0  libinit2.o(.ARM.Collect$$libinit$$00000032)
    .ARM.Collect$$libinit$$00000033          0x00000136   Section        2  libinit2.o(.ARM.Collect$$libinit$$00000033)
    .ARM.Collect$$libshutdown$$00000000      0x00000138   Section        2  libshutdown.o(.ARM.Collect$$libshutdown$$00000000)
    .ARM.Collect$$libshutdown$$00000002      0x0000013a   Section        0  libshutdown2.o(.ARM.Collect$$libshutdown$$00000002)
    .ARM.Collect$$libshutdown$$00000004      0x0000013a   Section        0  libshutdown2.o(.ARM.Collect$$libshutdown$$00000004)
    .ARM.Collect$$libshutdown$$00000007      0x0000013a   Section        0  libshutdown2.o(.ARM.Collect$$libshutdown$$00000007)
    .ARM.Collect$$libshutdown$$0000000A      0x0000013a   Section        0  libshutdown2.o(.ARM.Collect$$libshutdown$$0000000A)
    .ARM.Collect$$libshutdown$$0000000C      0x0000013a   Section        0  libshutdown2.o(.ARM.Collect$$libshutdown$$0000000C)
    .ARM.Collect$$libshutdown$$0000000F      0x0000013a   Section        0  libshutdown2.o(.ARM.Collect$$libshutdown$$0000000F)
    .ARM.Collect$$libshutdown$$00000010      0x0000013a   Section        2  libshutdown2.o(.ARM.Collect$$libshutdown$$00000010)
    .ARM.Collect$$rtentry$$00000000          0x0000013c   Section        0  __rtentry.o(.ARM.Collect$$rtentry$$00000000)
    .ARM.Collect$$rtentry$$00000002          0x0000013c   Section        0  __rtentry2.o(.ARM.Collect$$rtentry$$00000002)
    .ARM.Collect$$rtentry$$00000004          0x0000013c   Section        6  __rtentry4.o(.ARM.Collect$$rtentry$$00000004)
    .ARM.Collect$$rtentry$$00000009          0x00000142   Section        0  __rtentry2.o(.ARM.Collect$$rtentry$$00000009)
    .ARM.Collect$$rtentry$$0000000A          0x00000142   Section        4  __rtentry2.o(.ARM.Collect$$rtentry$$0000000A)
    .ARM.Collect$$rtentry$$0000000C          0x00000146   Section        0  __rtentry2.o(.ARM.Collect$$rtentry$$0000000C)
    .ARM.Collect$$rtentry$$0000000D          0x00000146   Section        8  __rtentry2.o(.ARM.Collect$$rtentry$$0000000D)
    .ARM.Collect$$rtexit$$00000000           0x0000014e   Section        2  rtexit.o(.ARM.Collect$$rtexit$$00000000)
    .ARM.Collect$$rtexit$$00000002           0x00000150   Section        0  rtexit2.o(.ARM.Collect$$rtexit$$00000002)
    .ARM.Collect$$rtexit$$00000003           0x00000150   Section        4  rtexit2.o(.ARM.Collect$$rtexit$$00000003)
    .ARM.Collect$$rtexit$$00000004           0x00000154   Section        6  rtexit2.o(.ARM.Collect$$rtexit$$00000004)
    .text                                    0x0000015c   Section      176  context_rvds.o(.text)
    .text                                    0x0000020c   Section       64  startup_armcm4.o(.text)
    .text                                    0x0000024c   Section        0  heapauxi.o(.text)
    .text                                    0x00000252   Section       74  sys_stackheap_outer.o(.text)
    .text                                    0x0000029c   Section        0  exit.o(.text)
    .text                                    0x000002b0   Section        8  libspace.o(.text)
    .text                                    0x000002b8   Section        0  sys_exit.o(.text)
    .text                                    0x000002c4   Section        2  use_no_semi.o(.text)
    .text                                    0x000002c6   Section        0  indicate_semi.o(.text)
    i.SysTick_Handler                        0x000002c6   Section        0  main.o(i.SysTick_Handler)
    i.SystemInit                             0x000002d8   Section        0  system_armcm4.o(i.SystemInit)
    i.__gs_ffs                               0x000002f8   Section        0  kservice.o(i.__gs_ffs)
    i._gs_timer_init                         0x00000314   Section        0  timer.o(i._gs_timer_init)
    _gs_timer_init                           0x00000315   Thumb Code    66  timer.o(i._gs_timer_init)
    i._gs_timer_remove                       0x00000356   Section        0  timer.o(i._gs_timer_remove)
    _gs_timer_remove                         0x00000357   Thumb Code    46  timer.o(i._gs_timer_remove)
    i.flag1_thread_entry                     0x00000384   Section        0  main.o(i.flag1_thread_entry)
    i.flag2_thread_entry                     0x000003a4   Section        0  main.o(i.flag2_thread_entry)
    i.flag3_thread_entry                     0x000003c4   Section        0  main.o(i.flag3_thread_entry)
    i.gs_hw_stack_init                       0x000003e4   Section        0  cpuport.o(i.gs_hw_stack_init)
    i.gs_interrupt_enter                     0x00000424   Section        0  irq.o(i.gs_interrupt_enter)
    i.gs_interrupt_leave                     0x00000444   Section        0  irq.o(i.gs_interrupt_leave)
    i.gs_list_init                           0x00000464   Section        0  timer.o(i.gs_list_init)
    gs_list_init                             0x00000465   Thumb Code     6  timer.o(i.gs_list_init)
    i.gs_list_insert_after                   0x0000046a   Section        0  timer.o(i.gs_list_insert_after)
    gs_list_insert_after                     0x0000046b   Thumb Code    14  timer.o(i.gs_list_insert_after)
    i.gs_list_remove                         0x00000478   Section        0  thread.o(i.gs_list_remove)
    gs_list_remove                           0x00000479   Thumb Code    18  thread.o(i.gs_list_remove)
    i.gs_object_get_infomation               0x0000048c   Section        0  thread.o(i.gs_object_get_infomation)
    i.gs_object_init                         0x000004b4   Section        0  thread.o(i.gs_object_init)
    i.gs_schedule                            0x000004fc   Section        0  scheduler.o(i.gs_schedule)
    i.gs_schedule_insert_thread              0x0000055c   Section        0  scheduler.o(i.gs_schedule_insert_thread)
    i.gs_schedule_remove_thread              0x000005a4   Section        0  scheduler.o(i.gs_schedule_remove_thread)
    i.gs_strncpy                             0x000005f8   Section        0  kservice.o(i.gs_strncpy)
    i.gs_system_scheduler_init               0x0000062c   Section        0  scheduler.o(i.gs_system_scheduler_init)
    i.gs_system_scheduler_start              0x00000668   Section        0  scheduler.o(i.gs_system_scheduler_start)
    i.gs_system_timer_init                   0x0000069c   Section        0  timer.o(i.gs_system_timer_init)
    i.gs_thread_delay                        0x000006b8   Section        0  thread.o(i.gs_thread_delay)
    i.gs_thread_idle_entry                   0x000006c4   Section        0  idle.o(i.gs_thread_idle_entry)
    i.gs_thread_idle_init                    0x000006d8   Section        0  idle.o(i.gs_thread_idle_init)
    i.gs_thread_init                         0x00000710   Section        0  thread.o(i.gs_thread_init)
    i.gs_thread_resume                       0x00000784   Section        0  thread.o(i.gs_thread_resume)
    i.gs_thread_self                         0x000007b8   Section        0  thread.o(i.gs_thread_self)
    i.gs_thread_sleep                        0x000007c4   Section        0  thread.o(i.gs_thread_sleep)
    i.gs_thread_startup                      0x000007fc   Section        0  thread.o(i.gs_thread_startup)
    i.gs_thread_suspend                      0x00000828   Section        0  thread.o(i.gs_thread_suspend)
    i.gs_thread_timeout                      0x00000862   Section        0  thread.o(i.gs_thread_timeout)
    i.gs_tick_get                            0x00000884   Section        0  clock.o(i.gs_tick_get)
    i.gs_tick_increase                       0x00000890   Section        0  clock.o(i.gs_tick_increase)
    i.gs_timer_check                         0x000008a8   Section        0  timer.o(i.gs_timer_check)
    i.gs_timer_control                       0x0000092c   Section        0  timer.o(i.gs_timer_control)
    i.gs_timer_init                          0x00000964   Section        0  timer.o(i.gs_timer_init)
    i.gs_timer_start                         0x00000994   Section        0  timer.o(i.gs_timer_start)
    i.gs_timer_stop                          0x00000a8c   Section        0  timer.o(i.gs_timer_stop)
    i.main                                   0x00000abc   Section        0  main.o(i.main)
    .data                                    0x20000000   Section        3  main.o(.data)
    .data                                    0x20000004   Section       12  cpuport.o(.data)
    .data                                    0x20000010   Section       20  scheduler.o(.data)
    .data                                    0x20000024   Section       32  thread.o(.data)
    gs_object_container                      0x20000024   Data          32  thread.o(.data)
    .data                                    0x20000044   Section        4  idle.o(.data)
    .data                                    0x20000048   Section        1  irq.o(.data)
    .data                                    0x2000004c   Section        4  clock.o(.data)
    gs_tick                                  0x2000004c   Data           4  clock.o(.data)
    .data                                    0x20000050   Section       12  timer.o(.data)
    gs_timer_list                            0x20000050   Data           8  timer.o(.data)
    random_nr                                0x20000058   Data           4  timer.o(.data)
    .data                                    0x2000005c   Section        4  system_armcm4.o(.data)
    .bss                                     0x20000060   Section     1872  main.o(.bss)
    .bss                                     0x200007b0   Section      256  scheduler.o(.bss)
    .bss                                     0x200008b0   Section      624  idle.o(.bss)
    gs_thread_stack                          0x200008b0   Data         512  idle.o(.bss)
    .bss                                     0x20000b20   Section       96  libspace.o(.bss)
    HEAP                                     0x20000b80   Section     3072  startup_armcm4.o(HEAP)
    Heap_Mem                                 0x20000b80   Data        3072  startup_armcm4.o(HEAP)
    STACK                                    0x20001780   Section     1024  startup_armcm4.o(STACK)
    Stack_Mem                                0x20001780   Data        1024  startup_armcm4.o(STACK)
    __initial_sp                             0x20001b80   Data           0  startup_armcm4.o(STACK)

    Global Symbols

    Symbol Name                              Value     Ov Type        Size  Object(Section)

    BuildAttributes$$THM_ISAv4$E$P$D$K$B$S$7EM$PE$A:L22UL41UL21$X:L11$S22US41US21$IEEE1$IW$USESV6$~STKCKD$USESV7$~SHL$OSPACE$ROPI$EBA8$UX$STANDARDLIB$REQ8$PRES8$EABIv2 0x00000000   Number         0  anon$$obj.o ABSOLUTE
    __ARM_use_no_argv                        0x00000000   Number         0  main.o ABSOLUTE
    __Vectors                                0x00000000   Data           4  startup_armcm4.o(RESET)
    __ARM_exceptions_init                     - Undefined Weak Reference
    __alloca_initialize                       - Undefined Weak Reference
    __arm_preinit_                            - Undefined Weak Reference
    __cpp_initialize__aeabi_                  - Undefined Weak Reference
    __cxa_finalize                            - Undefined Weak Reference
    __rt_locale                               - Undefined Weak Reference
    __sigvec_lookup                           - Undefined Weak Reference
    _atexit_init                              - Undefined Weak Reference
    _call_atexit_fns                          - Undefined Weak Reference
    _clock_init                               - Undefined Weak Reference
    _fp_trap_init                             - Undefined Weak Reference
    _fp_trap_shutdown                         - Undefined Weak Reference
    _get_lc_collate                           - Undefined Weak Reference
    _get_lc_ctype                             - Undefined Weak Reference
    _get_lc_monetary                          - Undefined Weak Reference
    _get_lc_numeric                           - Undefined Weak Reference
    _get_lc_time                              - Undefined Weak Reference
    _getenv_init                              - Undefined Weak Reference
    _handle_redirection                       - Undefined Weak Reference
    _init_alloc                               - Undefined Weak Reference
    _init_user_alloc                          - Undefined Weak Reference
    _initio                                   - Undefined Weak Reference
    _rand_init                                - Undefined Weak Reference
    _signal_finish                            - Undefined Weak Reference
    _signal_init                              - Undefined Weak Reference
    _terminate_alloc                          - Undefined Weak Reference
    _terminate_user_alloc                     - Undefined Weak Reference
    _terminateio                              - Undefined Weak Reference
    __Vectors_End                            0x000000c0   Data           0  startup_armcm4.o(RESET)
    __Vectors_Size                           0x000000c0   Number         0  startup_armcm4.o ABSOLUTE
    __main                                   0x000000c1   Thumb Code     8  __main.o(!!!main)
    __scatterload                            0x000000c9   Thumb Code     0  __scatter.o(!!!scatter)
    __scatterload_rt2                        0x000000c9   Thumb Code    44  __scatter.o(!!!scatter)
    __scatterload_rt2_thumb_only             0x000000c9   Thumb Code     0  __scatter.o(!!!scatter)
    __scatterload_null                       0x000000d7   Thumb Code     0  __scatter.o(!!!scatter)
    __scatterload_copy                       0x000000fd   Thumb Code    26  __scatter_copy.o(!!handler_copy)
    __scatterload_zeroinit                   0x00000119   Thumb Code    28  __scatter_zi.o(!!handler_zi)
    __rt_lib_init                            0x00000135   Thumb Code     0  libinit.o(.ARM.Collect$$libinit$$00000000)
    __rt_lib_init_alloca_1                   0x00000137   Thumb Code     0  libinit2.o(.ARM.Collect$$libinit$$0000002E)
    __rt_lib_init_argv_1                     0x00000137   Thumb Code     0  libinit2.o(.ARM.Collect$$libinit$$0000002C)
    __rt_lib_init_atexit_1                   0x00000137   Thumb Code     0  libinit2.o(.ARM.Collect$$libinit$$0000001B)
    __rt_lib_init_clock_1                    0x00000137   Thumb Code     0  libinit2.o(.ARM.Collect$$libinit$$00000021)
    __rt_lib_init_cpp_1                      0x00000137   Thumb Code     0  libinit2.o(.ARM.Collect$$libinit$$00000032)
    __rt_lib_init_exceptions_1               0x00000137   Thumb Code     0  libinit2.o(.ARM.Collect$$libinit$$00000030)
    __rt_lib_init_fp_1                       0x00000137   Thumb Code     0  libinit2.o(.ARM.Collect$$libinit$$00000002)
    __rt_lib_init_fp_trap_1                  0x00000137   Thumb Code     0  libinit2.o(.ARM.Collect$$libinit$$0000001F)
    __rt_lib_init_getenv_1                   0x00000137   Thumb Code     0  libinit2.o(.ARM.Collect$$libinit$$00000023)
    __rt_lib_init_heap_1                     0x00000137   Thumb Code     0  libinit2.o(.ARM.Collect$$libinit$$0000000A)
    __rt_lib_init_lc_collate_1               0x00000137   Thumb Code     0  libinit2.o(.ARM.Collect$$libinit$$00000011)
    __rt_lib_init_lc_ctype_1                 0x00000137   Thumb Code     0  libinit2.o(.ARM.Collect$$libinit$$00000013)
    __rt_lib_init_lc_monetary_1              0x00000137   Thumb Code     0  libinit2.o(.ARM.Collect$$libinit$$00000015)
    __rt_lib_init_lc_numeric_1               0x00000137   Thumb Code     0  libinit2.o(.ARM.Collect$$libinit$$00000017)
    __rt_lib_init_lc_time_1                  0x00000137   Thumb Code     0  libinit2.o(.ARM.Collect$$libinit$$00000019)
    __rt_lib_init_preinit_1                  0x00000137   Thumb Code     0  libinit2.o(.ARM.Collect$$libinit$$00000004)
    __rt_lib_init_rand_1                     0x00000137   Thumb Code     0  libinit2.o(.ARM.Collect$$libinit$$0000000E)
    __rt_lib_init_return                     0x00000137   Thumb Code     0  libinit2.o(.ARM.Collect$$libinit$$00000033)
    __rt_lib_init_signal_1                   0x00000137   Thumb Code     0  libinit2.o(.ARM.Collect$$libinit$$0000001D)
    __rt_lib_init_stdio_1                    0x00000137   Thumb Code     0  libinit2.o(.ARM.Collect$$libinit$$00000025)
    __rt_lib_init_user_alloc_1               0x00000137   Thumb Code     0  libinit2.o(.ARM.Collect$$libinit$$0000000C)
    __rt_lib_shutdown                        0x00000139   Thumb Code     0  libshutdown.o(.ARM.Collect$$libshutdown$$00000000)
    __rt_lib_shutdown_cpp_1                  0x0000013b   Thumb Code     0  libshutdown2.o(.ARM.Collect$$libshutdown$$00000002)
    __rt_lib_shutdown_fp_trap_1              0x0000013b   Thumb Code     0  libshutdown2.o(.ARM.Collect$$libshutdown$$00000007)
    __rt_lib_shutdown_heap_1                 0x0000013b   Thumb Code     0  libshutdown2.o(.ARM.Collect$$libshutdown$$0000000F)
    __rt_lib_shutdown_return                 0x0000013b   Thumb Code     0  libshutdown2.o(.ARM.Collect$$libshutdown$$00000010)
    __rt_lib_shutdown_signal_1               0x0000013b   Thumb Code     0  libshutdown2.o(.ARM.Collect$$libshutdown$$0000000A)
    __rt_lib_shutdown_stdio_1                0x0000013b   Thumb Code     0  libshutdown2.o(.ARM.Collect$$libshutdown$$00000004)
    __rt_lib_shutdown_user_alloc_1           0x0000013b   Thumb Code     0  libshutdown2.o(.ARM.Collect$$libshutdown$$0000000C)
    __rt_entry                               0x0000013d   Thumb Code     0  __rtentry.o(.ARM.Collect$$rtentry$$00000000)
    __rt_entry_presh_1                       0x0000013d   Thumb Code     0  __rtentry2.o(.ARM.Collect$$rtentry$$00000002)
    __rt_entry_sh                            0x0000013d   Thumb Code     0  __rtentry4.o(.ARM.Collect$$rtentry$$00000004)
    __rt_entry_li                            0x00000143   Thumb Code     0  __rtentry2.o(.ARM.Collect$$rtentry$$0000000A)
    __rt_entry_postsh_1                      0x00000143   Thumb Code     0  __rtentry2.o(.ARM.Collect$$rtentry$$00000009)
    __rt_entry_main                          0x00000147   Thumb Code     0  __rtentry2.o(.ARM.Collect$$rtentry$$0000000D)
    __rt_entry_postli_1                      0x00000147   Thumb Code     0  __rtentry2.o(.ARM.Collect$$rtentry$$0000000C)
    __rt_exit                                0x0000014f   Thumb Code     0  rtexit.o(.ARM.Collect$$rtexit$$00000000)
    __rt_exit_ls                             0x00000151   Thumb Code     0  rtexit2.o(.ARM.Collect$$rtexit$$00000003)
    __rt_exit_prels_1                        0x00000151   Thumb Code     0  rtexit2.o(.ARM.Collect$$rtexit$$00000002)
    __rt_exit_exit                           0x00000155   Thumb Code     0  rtexit2.o(.ARM.Collect$$rtexit$$00000004)
    gs_hw_interrupt_disable                  0x0000015d   Thumb Code     8  context_rvds.o(.text)
    gs_hw_interrupt_enable                   0x00000165   Thumb Code     6  context_rvds.o(.text)
    gs_hw_context_switch_first               0x0000016b   Thumb Code    48  context_rvds.o(.text)
    gs_hw_context_switch                     0x0000019b   Thumb Code    32  context_rvds.o(.text)
    PendSV_Handler                           0x000001bb   Thumb Code    60  context_rvds.o(.text)
    Reset_Handler                            0x0000020d   Thumb Code     8  startup_armcm4.o(.text)
    NMI_Handler                              0x00000215   Thumb Code     2  startup_armcm4.o(.text)
    HardFault_Handler                        0x00000217   Thumb Code     2  startup_armcm4.o(.text)
    MemManage_Handler                        0x00000219   Thumb Code     2  startup_armcm4.o(.text)
    BusFault_Handler                         0x0000021b   Thumb Code     2  startup_armcm4.o(.text)
    UsageFault_Handler                       0x0000021d   Thumb Code     2  startup_armcm4.o(.text)
    SVC_Handler                              0x0000021f   Thumb Code     2  startup_armcm4.o(.text)
    DebugMon_Handler                         0x00000221   Thumb Code     2  startup_armcm4.o(.text)
    AACI_IRQHandler                          0x00000227   Thumb Code     0  startup_armcm4.o(.text)
    CAN_IRQHandler                           0x00000227   Thumb Code     0  startup_armcm4.o(.text)
    CHLCD_IRQHandler                         0x00000227   Thumb Code     0  startup_armcm4.o(.text)
    CLCD_IRQHandler                          0x00000227   Thumb Code     0  startup_armcm4.o(.text)
    CPU_CLCD_IRQHandler                      0x00000227   Thumb Code     0  startup_armcm4.o(.text)
    ENET_IRQHandler                          0x00000227   Thumb Code     0  startup_armcm4.o(.text)
    FLEXRAY_IRQHandler                       0x00000227   Thumb Code     0  startup_armcm4.o(.text)
    I2C_IRQHandler                           0x00000227   Thumb Code     0  startup_armcm4.o(.text)
    LIN_IRQHandler                           0x00000227   Thumb Code     0  startup_armcm4.o(.text)
    MCIA_IRQHandler                          0x00000227   Thumb Code     0  startup_armcm4.o(.text)
    MCIB_IRQHandler                          0x00000227   Thumb Code     0  startup_armcm4.o(.text)
    RTC_IRQHandler                           0x00000227   Thumb Code     0  startup_armcm4.o(.text)
    SPI_IRQHandler                           0x00000227   Thumb Code     0  startup_armcm4.o(.text)
    TIM0_IRQHandler                          0x00000227   Thumb Code     0  startup_armcm4.o(.text)
    TIM2_IRQHandler                          0x00000227   Thumb Code     0  startup_armcm4.o(.text)
    UART0_IRQHandler                         0x00000227   Thumb Code     0  startup_armcm4.o(.text)
    UART1_IRQHandler                         0x00000227   Thumb Code     0  startup_armcm4.o(.text)
    UART2_IRQHandler                         0x00000227   Thumb Code     0  startup_armcm4.o(.text)
    UART3_IRQHandler                         0x00000227   Thumb Code     0  startup_armcm4.o(.text)
    UART4_IRQHandler                         0x00000227   Thumb Code     0  startup_armcm4.o(.text)
    USBDC_IRQHandler                         0x00000227   Thumb Code     0  startup_armcm4.o(.text)
    USBHC_IRQHandler                         0x00000227   Thumb Code     0  startup_armcm4.o(.text)
    WDT_IRQHandler                           0x00000227   Thumb Code     0  startup_armcm4.o(.text)
    __user_initial_stackheap                 0x00000229   Thumb Code    10  startup_armcm4.o(.text)
    __use_two_region_memory                  0x0000024d   Thumb Code     2  heapauxi.o(.text)
    __rt_heap_escrow$2region                 0x0000024f   Thumb Code     2  heapauxi.o(.text)
    __rt_heap_expand$2region                 0x00000251   Thumb Code     2  heapauxi.o(.text)
    __user_setup_stackheap                   0x00000253   Thumb Code    74  sys_stackheap_outer.o(.text)
    exit                                     0x0000029d   Thumb Code    18  exit.o(.text)
    __user_libspace                          0x000002b1   Thumb Code     8  libspace.o(.text)
    __user_perproc_libspace                  0x000002b1   Thumb Code     0  libspace.o(.text)
    __user_perthread_libspace                0x000002b1   Thumb Code     0  libspace.o(.text)
    _sys_exit                                0x000002b9   Thumb Code     8  sys_exit.o(.text)
    __I$use$semihosting                      0x000002c5   Thumb Code     0  use_no_semi.o(.text)
    __use_no_semihosting_swi                 0x000002c5   Thumb Code     2  use_no_semi.o(.text)
    SysTick_Handler                          0x000002c7   Thumb Code    16  main.o(i.SysTick_Handler)
    __semihosting_library_function           0x000002c7   Thumb Code     0  indicate_semi.o(.text)
    SystemInit                               0x000002d9   Thumb Code    14  system_armcm4.o(i.SystemInit)
    __gs_ffs                                 0x000002f9   Thumb Code    28  kservice.o(i.__gs_ffs)
    flag1_thread_entry                       0x00000385   Thumb Code    28  main.o(i.flag1_thread_entry)
    flag2_thread_entry                       0x000003a5   Thumb Code    28  main.o(i.flag2_thread_entry)
    flag3_thread_entry                       0x000003c5   Thumb Code    28  main.o(i.flag3_thread_entry)
    gs_hw_stack_init                         0x000003e5   Thumb Code    58  cpuport.o(i.gs_hw_stack_init)
    gs_interrupt_enter                       0x00000425   Thumb Code    26  irq.o(i.gs_interrupt_enter)
    gs_interrupt_leave                       0x00000445   Thumb Code    26  irq.o(i.gs_interrupt_leave)
    gs_object_get_infomation                 0x0000048d   Thumb Code    36  thread.o(i.gs_object_get_infomation)
    gs_object_init                           0x000004b5   Thumb Code    70  thread.o(i.gs_object_init)
    gs_schedule                              0x000004fd   Thumb Code    80  scheduler.o(i.gs_schedule)
    gs_schedule_insert_thread                0x0000055d   Thumb Code    64  scheduler.o(i.gs_schedule_insert_thread)
    gs_schedule_remove_thread                0x000005a5   Thumb Code    76  scheduler.o(i.gs_schedule_remove_thread)
    gs_strncpy                               0x000005f9   Thumb Code    52  kservice.o(i.gs_strncpy)
    gs_system_scheduler_init                 0x0000062d   Thumb Code    44  scheduler.o(i.gs_system_scheduler_init)
    gs_system_scheduler_start                0x00000669   Thumb Code    38  scheduler.o(i.gs_system_scheduler_start)
    gs_system_timer_init                     0x0000069d   Thumb Code    24  timer.o(i.gs_system_timer_init)
    gs_thread_delay                          0x000006b9   Thumb Code    12  thread.o(i.gs_thread_delay)
    gs_thread_idle_entry                     0x000006c5   Thumb Code    16  idle.o(i.gs_thread_idle_entry)
    gs_thread_idle_init                      0x000006d9   Thumb Code    36  idle.o(i.gs_thread_idle_init)
    gs_thread_init                           0x00000711   Thumb Code   112  thread.o(i.gs_thread_init)
    gs_thread_resume                         0x00000785   Thumb Code    52  thread.o(i.gs_thread_resume)
    gs_thread_self                           0x000007b9   Thumb Code     6  thread.o(i.gs_thread_self)
    gs_thread_sleep                          0x000007c5   Thumb Code    52  thread.o(i.gs_thread_sleep)
    gs_thread_startup                        0x000007fd   Thumb Code    44  thread.o(i.gs_thread_startup)
    gs_thread_suspend                        0x00000829   Thumb Code    58  thread.o(i.gs_thread_suspend)
    gs_thread_timeout                        0x00000863   Thumb Code    32  thread.o(i.gs_thread_timeout)
    gs_tick_get                              0x00000885   Thumb Code     6  clock.o(i.gs_tick_get)
    gs_tick_increase                         0x00000891   Thumb Code    18  clock.o(i.gs_tick_increase)
    gs_timer_check                           0x000008a9   Thumb Code   126  timer.o(i.gs_timer_check)
    gs_timer_control                         0x0000092d   Thumb Code    56  timer.o(i.gs_timer_control)
    gs_timer_init                            0x00000965   Thumb Code    46  timer.o(i.gs_timer_init)
    gs_timer_start                           0x00000995   Thumb Code   238  timer.o(i.gs_timer_start)
    gs_timer_stop                            0x00000a8d   Thumb Code    48  timer.o(i.gs_timer_stop)
    main                                     0x00000abd   Thumb Code   194  main.o(i.main)
    Region$$Table$$Base                      0x00000bd4   Number         0  anon$$obj.o(Region$$Table)
    Region$$Table$$Limit                     0x00000bf4   Number         0  anon$$obj.o(Region$$Table)
    flag1                                    0x20000000   Data           1  main.o(.data)
    flag2                                    0x20000001   Data           1  main.o(.data)
    flag3                                    0x20000002   Data           1  main.o(.data)
    gs_interrupt_from_thread                 0x20000004   Data           4  cpuport.o(.data)
    gs_interrupt_to_thread                   0x20000008   Data           4  cpuport.o(.data)
    gs_thread_switch_interrupt_flag          0x2000000c   Data           4  cpuport.o(.data)
    gs_current_thread                        0x20000010   Data           4  scheduler.o(.data)
    gs_thread_ready_priority_group           0x20000014   Data           4  scheduler.o(.data)
    gs_current_thread_priority               0x20000018   Data           1  scheduler.o(.data)
    gs_thread_defunct                        0x2000001c   Data           8  scheduler.o(.data)
    gs_idletask_ctr                          0x20000044   Data           4  idle.o(.data)
    gs_interrupt_nest                        0x20000048   Data           1  irq.o(.data)
    SystemCoreClock                          0x2000005c   Data           4  system_armcm4.o(.data)
    gs_thread_flag1                          0x20000060   Data         112  main.o(.bss)
    gs_thread_flag2                          0x200000d0   Data         112  main.o(.bss)
    gs_thread_flag3                          0x20000140   Data         112  main.o(.bss)
    gs_flag1_thread_stack                    0x200001b0   Data         512  main.o(.bss)
    gs_flag2_thread_stack                    0x200003b0   Data         512  main.o(.bss)
    gs_flag3_thread_stack                    0x200005b0   Data         512  main.o(.bss)
    gs_thread_priority_table                 0x200007b0   Data         256  scheduler.o(.bss)
    idle                                     0x20000ab0   Data         112  idle.o(.bss)
    __libspace_start                         0x20000b20   Data          96  libspace.o(.bss)
    __temporary_stack_top$libspace           0x20000b80   Data           0  libspace.o(.bss)



==============================================================================

Memory Map of the image

  Image Entry point : 0x000000c1

  Load Region LR_IROM1 (Base: 0x00000000, Size: 0x00000c54, Max: 0x00040000, ABSOLUTE)

    Execution Region ER_IROM1 (Exec base: 0x00000000, Load base: 0x00000000, Size: 0x00000bf4, Max: 0x00040000, ABSOLUTE)

    Exec Addr    Load Addr    Size         Type   Attr      Idx    E Section Name        Object

    0x00000000   0x00000000   0x000000c0   Data   RO          402    RESET               startup_armcm4.o
    0x000000c0   0x000000c0   0x00000008   Code   RO          452  * !!!main             c_w.l(__main.o)
    0x000000c8   0x000000c8   0x00000034   Code   RO          609    !!!scatter          c_w.l(__scatter.o)
    0x000000fc   0x000000fc   0x0000001a   Code   RO          611    !!handler_copy      c_w.l(__scatter_copy.o)
    0x00000116   0x00000116   0x00000002   PAD
    0x00000118   0x00000118   0x0000001c   Code   RO          613    !!handler_zi        c_w.l(__scatter_zi.o)
    0x00000134   0x00000134   0x00000002   Code   RO          479    .ARM.Collect$$libinit$$00000000  c_w.l(libinit.o)
    0x00000136   0x00000136   0x00000000   Code   RO          486    .ARM.Collect$$libinit$$00000002  c_w.l(libinit2.o)
    0x00000136   0x00000136   0x00000000   Code   RO          488    .ARM.Collect$$libinit$$00000004  c_w.l(libinit2.o)
    0x00000136   0x00000136   0x00000000   Code   RO          491    .ARM.Collect$$libinit$$0000000A  c_w.l(libinit2.o)
    0x00000136   0x00000136   0x00000000   Code   RO          493    .ARM.Collect$$libinit$$0000000C  c_w.l(libinit2.o)
    0x00000136   0x00000136   0x00000000   Code   RO          495    .ARM.Collect$$libinit$$0000000E  c_w.l(libinit2.o)
    0x00000136   0x00000136   0x00000000   Code   RO          498    .ARM.Collect$$libinit$$00000011  c_w.l(libinit2.o)
    0x00000136   0x00000136   0x00000000   Code   RO          500    .ARM.Collect$$libinit$$00000013  c_w.l(libinit2.o)
    0x00000136   0x00000136   0x00000000   Code   RO          502    .ARM.Collect$$libinit$$00000015  c_w.l(libinit2.o)
    0x00000136   0x00000136   0x00000000   Code   RO          504    .ARM.Collect$$libinit$$00000017  c_w.l(libinit2.o)
    0x00000136   0x00000136   0x00000000   Code   RO          506    .ARM.Collect$$libinit$$00000019  c_w.l(libinit2.o)
    0x00000136   0x00000136   0x00000000   Code   RO          508    .ARM.Collect$$libinit$$0000001B  c_w.l(libinit2.o)
    0x00000136   0x00000136   0x00000000   Code   RO          510    .ARM.Collect$$libinit$$0000001D  c_w.l(libinit2.o)
    0x00000136   0x00000136   0x00000000   Code   RO          512    .ARM.Collect$$libinit$$0000001F  c_w.l(libinit2.o)
    0x00000136   0x00000136   0x00000000   Code   RO          514    .ARM.Collect$$libinit$$00000021  c_w.l(libinit2.o)
    0x00000136   0x00000136   0x00000000   Code   RO          516    .ARM.Collect$$libinit$$00000023  c_w.l(libinit2.o)
    0x00000136   0x00000136   0x00000000   Code   RO          518    .ARM.Collect$$libinit$$00000025  c_w.l(libinit2.o)
    0x00000136   0x00000136   0x00000000   Code   RO          522    .ARM.Collect$$libinit$$0000002C  c_w.l(libinit2.o)
    0x00000136   0x00000136   0x00000000   Code   RO          524    .ARM.Collect$$libinit$$0000002E  c_w.l(libinit2.o)
    0x00000136   0x00000136   0x00000000   Code   RO          526    .ARM.Collect$$libinit$$00000030  c_w.l(libinit2.o)
    0x00000136   0x00000136   0x00000000   Code   RO          528    .ARM.Collect$$libinit$$00000032  c_w.l(libinit2.o)
    0x00000136   0x00000136   0x00000002   Code   RO          529    .ARM.Collect$$libinit$$00000033  c_w.l(libinit2.o)
    0x00000138   0x00000138   0x00000002   Code   RO          549    .ARM.Collect$$libshutdown$$00000000  c_w.l(libshutdown.o)
    0x0000013a   0x0000013a   0x00000000   Code   RO          562    .ARM.Collect$$libshutdown$$00000002  c_w.l(libshutdown2.o)
    0x0000013a   0x0000013a   0x00000000   Code   RO          564    .ARM.Collect$$libshutdown$$00000004  c_w.l(libshutdown2.o)
    0x0000013a   0x0000013a   0x00000000   Code   RO          567    .ARM.Collect$$libshutdown$$00000007  c_w.l(libshutdown2.o)
    0x0000013a   0x0000013a   0x00000000   Code   RO          570    .ARM.Collect$$libshutdown$$0000000A  c_w.l(libshutdown2.o)
    0x0000013a   0x0000013a   0x00000000   Code   RO          572    .ARM.Collect$$libshutdown$$0000000C  c_w.l(libshutdown2.o)
    0x0000013a   0x0000013a   0x00000000   Code   RO          575    .ARM.Collect$$libshutdown$$0000000F  c_w.l(libshutdown2.o)
    0x0000013a   0x0000013a   0x00000002   Code   RO          576    .ARM.Collect$$libshutdown$$00000010  c_w.l(libshutdown2.o)
    0x0000013c   0x0000013c   0x00000000   Code   RO          454    .ARM.Collect$$rtentry$$00000000  c_w.l(__rtentry.o)
    0x0000013c   0x0000013c   0x00000000   Code   RO          456    .ARM.Collect$$rtentry$$00000002  c_w.l(__rtentry2.o)
    0x0000013c   0x0000013c   0x00000006   Code   RO          468    .ARM.Collect$$rtentry$$00000004  c_w.l(__rtentry4.o)
    0x00000142   0x00000142   0x00000000   Code   RO          458    .ARM.Collect$$rtentry$$00000009  c_w.l(__rtentry2.o)
    0x00000142   0x00000142   0x00000004   Code   RO          459    .ARM.Collect$$rtentry$$0000000A  c_w.l(__rtentry2.o)
    0x00000146   0x00000146   0x00000000   Code   RO          461    .ARM.Collect$$rtentry$$0000000C  c_w.l(__rtentry2.o)
    0x00000146   0x00000146   0x00000008   Code   RO          462    .ARM.Collect$$rtentry$$0000000D  c_w.l(__rtentry2.o)
    0x0000014e   0x0000014e   0x00000002   Code   RO          483    .ARM.Collect$$rtexit$$00000000  c_w.l(rtexit.o)
    0x00000150   0x00000150   0x00000000   Code   RO          531    .ARM.Collect$$rtexit$$00000002  c_w.l(rtexit2.o)
    0x00000150   0x00000150   0x00000004   Code   RO          532    .ARM.Collect$$rtexit$$00000003  c_w.l(rtexit2.o)
    0x00000154   0x00000154   0x00000006   Code   RO          533    .ARM.Collect$$rtexit$$00000004  c_w.l(rtexit2.o)
    0x0000015a   0x0000015a   0x00000002   PAD
    0x0000015c   0x0000015c   0x000000b0   Code   RO           98    .text               context_rvds.o
    0x0000020c   0x0000020c   0x00000040   Code   RO          403    .text               startup_armcm4.o
    0x0000024c   0x0000024c   0x00000006   Code   RO          450    .text               c_w.l(heapauxi.o)
    0x00000252   0x00000252   0x0000004a   Code   RO          470    .text               c_w.l(sys_stackheap_outer.o)
    0x0000029c   0x0000029c   0x00000012   Code   RO          472    .text               c_w.l(exit.o)
    0x000002ae   0x000002ae   0x00000002   PAD
    0x000002b0   0x000002b0   0x00000008   Code   RO          480    .text               c_w.l(libspace.o)
    0x000002b8   0x000002b8   0x0000000c   Code   RO          541    .text               c_w.l(sys_exit.o)
    0x000002c4   0x000002c4   0x00000002   Code   RO          552    .text               c_w.l(use_no_semi.o)
    0x000002c6   0x000002c6   0x00000000   Code   RO          554    .text               c_w.l(indicate_semi.o)
    0x000002c6   0x000002c6   0x00000010   Code   RO            4    i.SysTick_Handler   main.o
    0x000002d6   0x000002d6   0x00000002   PAD
    0x000002d8   0x000002d8   0x00000020   Code   RO          411    i.SystemInit        system_armcm4.o
    0x000002f8   0x000002f8   0x0000001c   Code   RO          250    i.__gs_ffs          kservice.o
    0x00000314   0x00000314   0x00000042   Code   RO          333    i._gs_timer_init    timer.o
    0x00000356   0x00000356   0x0000002e   Code   RO          334    i._gs_timer_remove  timer.o
    0x00000384   0x00000384   0x00000020   Code   RO            6    i.flag1_thread_entry  main.o
    0x000003a4   0x000003a4   0x00000020   Code   RO            7    i.flag2_thread_entry  main.o
    0x000003c4   0x000003c4   0x00000020   Code   RO            8    i.flag3_thread_entry  main.o
    0x000003e4   0x000003e4   0x00000040   Code   RO          102    i.gs_hw_stack_init  cpuport.o
    0x00000424   0x00000424   0x00000020   Code   RO          291    i.gs_interrupt_enter  irq.o
    0x00000444   0x00000444   0x00000020   Code   RO          292    i.gs_interrupt_leave  irq.o
    0x00000464   0x00000464   0x00000006   Code   RO          335    i.gs_list_init      timer.o
    0x0000046a   0x0000046a   0x0000000e   Code   RO          336    i.gs_list_insert_after  timer.o
    0x00000478   0x00000478   0x00000012   Code   RO          164    i.gs_list_remove    thread.o
    0x0000048a   0x0000048a   0x00000002   PAD
    0x0000048c   0x0000048c   0x00000028   Code   RO          165    i.gs_object_get_infomation  thread.o
    0x000004b4   0x000004b4   0x00000046   Code   RO          166    i.gs_object_init    thread.o
    0x000004fa   0x000004fa   0x00000002   PAD
    0x000004fc   0x000004fc   0x00000060   Code   RO          117    i.gs_schedule       scheduler.o
    0x0000055c   0x0000055c   0x00000048   Code   RO          118    i.gs_schedule_insert_thread  scheduler.o
    0x000005a4   0x000005a4   0x00000054   Code   RO          119    i.gs_schedule_remove_thread  scheduler.o
    0x000005f8   0x000005f8   0x00000034   Code   RO          251    i.gs_strncpy        kservice.o
    0x0000062c   0x0000062c   0x0000003c   Code   RO          120    i.gs_system_scheduler_init  scheduler.o
    0x00000668   0x00000668   0x00000034   Code   RO          121    i.gs_system_scheduler_start  scheduler.o
    0x0000069c   0x0000069c   0x0000001c   Code   RO          337    i.gs_system_timer_init  timer.o
    0x000006b8   0x000006b8   0x0000000c   Code   RO          167    i.gs_thread_delay   thread.o
    0x000006c4   0x000006c4   0x00000014   Code   RO          268    i.gs_thread_idle_entry  idle.o
    0x000006d8   0x000006d8   0x00000038   Code   RO          269    i.gs_thread_idle_init  idle.o
    0x00000710   0x00000710   0x00000074   Code   RO          168    i.gs_thread_init    thread.o
    0x00000784   0x00000784   0x00000034   Code   RO          169    i.gs_thread_resume  thread.o
    0x000007b8   0x000007b8   0x0000000c   Code   RO          170    i.gs_thread_self    thread.o
    0x000007c4   0x000007c4   0x00000038   Code   RO          171    i.gs_thread_sleep   thread.o
    0x000007fc   0x000007fc   0x0000002c   Code   RO          172    i.gs_thread_startup  thread.o
    0x00000828   0x00000828   0x0000003a   Code   RO          173    i.gs_thread_suspend  thread.o
    0x00000862   0x00000862   0x00000020   Code   RO          174    i.gs_thread_timeout  thread.o
    0x00000882   0x00000882   0x00000002   PAD
    0x00000884   0x00000884   0x0000000c   Code   RO          312    i.gs_tick_get       clock.o
    0x00000890   0x00000890   0x00000018   Code   RO          313    i.gs_tick_increase  clock.o
    0x000008a8   0x000008a8   0x00000084   Code   RO          338    i.gs_timer_check    timer.o
    0x0000092c   0x0000092c   0x00000038   Code   RO          339    i.gs_timer_control  timer.o
    0x00000964   0x00000964   0x0000002e   Code   RO          340    i.gs_timer_init     timer.o
    0x00000992   0x00000992   0x00000002   PAD
    0x00000994   0x00000994   0x000000f8   Code   RO          341    i.gs_timer_start    timer.o
    0x00000a8c   0x00000a8c   0x00000030   Code   RO          342    i.gs_timer_stop     timer.o
    0x00000abc   0x00000abc   0x00000118   Code   RO            9    i.main              main.o
    0x00000bd4   0x00000bd4   0x00000020   Data   RO          607    Region$$Table       anon$$obj.o


    Execution Region RW_IRAM1 (Exec base: 0x20000000, Load base: 0x00000bf4, Size: 0x00001b80, Max: 0x00020000, ABSOLUTE)

    Exec Addr    Load Addr    Size         Type   Attr      Idx    E Section Name        Object

    0x20000000   0x00000bf4   0x00000003   Data   RW           11    .data               main.o
    0x20000003   0x00000bf7   0x00000001   PAD
    0x20000004   0x00000bf8   0x0000000c   Data   RW          103    .data               cpuport.o
    0x20000010   0x00000c04   0x00000014   Data   RW          123    .data               scheduler.o
    0x20000024   0x00000c18   0x00000020   Data   RW          175    .data               thread.o
    0x20000044   0x00000c38   0x00000004   Data   RW          271    .data               idle.o
    0x20000048   0x00000c3c   0x00000001   Data   RW          293    .data               irq.o
    0x20000049   0x00000c3d   0x00000003   PAD
    0x2000004c   0x00000c40   0x00000004   Data   RW          314    .data               clock.o
    0x20000050   0x00000c44   0x0000000c   Data   RW          343    .data               timer.o
    0x2000005c   0x00000c50   0x00000004   Data   RW          412    .data               system_armcm4.o
    0x20000060        -       0x00000750   Zero   RW           10    .bss                main.o
    0x200007b0        -       0x00000100   Zero   RW          122    .bss                scheduler.o
    0x200008b0        -       0x00000270   Zero   RW          270    .bss                idle.o
    0x20000b20        -       0x00000060   Zero   RW          481    .bss                c_w.l(libspace.o)
    0x20000b80        -       0x00000c00   Zero   RW          401    HEAP                startup_armcm4.o
    0x20001780        -       0x00000400   Zero   RW          400    STACK               startup_armcm4.o


==============================================================================

Image component sizes


      Code (inc. data)   RO Data    RW Data    ZI Data      Debug   Object Name

        36         12          0          4          0       1149   clock.o
       176         22          0          0          0        672   context_rvds.o
        64          6          0         12          0       1897   cpuport.o
        76         24          0          4        624       1755   idle.o
        64         12          0          1          0       1578   irq.o
        80          0          0          0          0       1340   kservice.o
       392         98          0          3       1872      44012   main.o
       364         62          0         20        256       4917   scheduler.o
        64         26        192          0       4096        868   startup_armcm4.o
        32         18          0          4          0        731   system_armcm4.o
       510         18          0         32          0       8181   thread.o
       690         20          0         12          0       7556   timer.o

    ----------------------------------------------------------------------
      2558        318        224         96       6848      74656   Object Totals
         0          0         32          0          0          0   (incl. Generated)
        10          0          0          4          0          0   (incl. Padding)

    ----------------------------------------------------------------------

      Code (inc. data)   RO Data    RW Data    ZI Data      Debug   Library Member Name

         8          0          0          0          0         68   __main.o
         0          0          0          0          0          0   __rtentry.o
        12          0          0          0          0          0   __rtentry2.o
         6          0          0          0          0          0   __rtentry4.o
        52          8          0          0          0          0   __scatter.o
        26          0          0          0          0          0   __scatter_copy.o
        28          0          0          0          0          0   __scatter_zi.o
        18          0          0          0          0         80   exit.o
         6          0          0          0          0        152   heapauxi.o
         0          0          0          0          0          0   indicate_semi.o
         2          0          0          0          0          0   libinit.o
         2          0          0          0          0          0   libinit2.o
         2          0          0          0          0          0   libshutdown.o
         2          0          0          0          0          0   libshutdown2.o
         8          4          0          0         96         68   libspace.o
         2          0          0          0          0          0   rtexit.o
        10          0          0          0          0          0   rtexit2.o
        12          4          0          0          0         68   sys_exit.o
        74          0          0          0          0         80   sys_stackheap_outer.o
         2          0          0          0          0         68   use_no_semi.o

    ----------------------------------------------------------------------
       278         16          0          0         96        584   Library Totals
         6          0          0          0          0          0   (incl. Padding)

    ----------------------------------------------------------------------

      Code (inc. data)   RO Data    RW Data    ZI Data      Debug   Library Name

       272         16          0          0         96        584   c_w.l

    ----------------------------------------------------------------------
       278         16          0          0         96        584   Library Totals

    ----------------------------------------------------------------------

==============================================================================


      Code (inc. data)   RO Data    RW Data    ZI Data      Debug   

      2836        334        224         96       6944      73104   Grand Totals
      2836        334        224         96       6944      73104   ELF Image Totals
      2836        334        224         96          0          0   ROM Totals

==============================================================================

    Total RO  Size (Code + RO Data)                 3060 (   2.99kB)
    Total RW  Size (RW Data + ZI Data)              7040 (   6.88kB)
    Total ROM Size (Code + RO Data + RW Data)       3156 (   3.08kB)

==============================================================================

